<html>
<body>
<pre>
<h1>µVision Build Log</h1>
<h2>Tool Versions:</h2>
IDE-Version: µVision V5.26.2.0
Copyright (C) 2018 ARM Ltd and ARM Germany GmbH. All rights reserved.
License Information: Genival Ferreira, Assisfit, LIC=MPPBS-LJNM5-G72R6-DIBZI-4HUE3-PH8MV
 
Tool Versions:
Toolchain:       MDK-ARM Plus  Version: 5.26.2.0
Toolchain Path:  C:\Keil_v5\ARM\ARMCC\Bin
C Compiler:      Armcc.exe V5.06 update 6 (build 750)
Assembler:       Armasm.exe V5.06 update 6 (build 750)
Linker/Locator:  ArmLink.exe V5.06 update 6 (build 750)
Library Manager: ArmAr.exe V5.06 update 6 (build 750)
Hex Converter:   FromElf.exe V5.06 update 6 (build 750)
CPU DLL:         
Dialog DLL:      
Target DLL:      Segger\JL2CM3.dll V2.99.31.0
Dialog DLL:      TCM.DLL V1.36.1.0
 
<h2>Project:</h2>
D:\MyWATT_novo\Aplication\MDK-ARM\MyBeat_V3.uvprojx
Project File Date:  07/29/2021

<h2>Output:</h2>
*** Using Compiler 'V5.06 update 6 (build 750)', folder: 'C:\Keil_v5\ARM\ARMCC\Bin'
Build target 'nrf52832_xxaa'
compiling flash_write.c...
flash_write.c(245): warning:  #940-D: missing return statement at end of non-void function "mwatt_read_anything" 
  }
flash_write.c(167): warning:  #177-D: function "print_bootloader_start_addr"  was declared but never referenced
  static void print_bootloader_start_addr(void)
flash_write.c: 2 warnings, 0 errors
compiling main.c...
..\Inc\biblioteca_phillips.h(8): warning:  #1-D: last line of file ends without a newline
  void reboot_biblioteca_phillips(void);
..\MDK-ARM\heritage.h(241): warning:  #1295-D: Deprecated declaration init_vars - give arg types
  void init_vars();//prototype
..\MDK-ARM\heritage.h(242): warning:  #1295-D: Deprecated declaration init_varc - give arg types
  void init_varc();//prototype
..\MDK-ARM\heritage.h(251): warning:  #1295-D: Deprecated declaration ADS018_Time_Update - give arg types
  void ADS018_Time_Update();//prototype
..\MDK-ARM\heritage.h(254): warning:  #1295-D: Deprecated declaration ADS018_Update_Factors - give arg types
  void ADS018_Update_Factors();//prototype
..\MDK-ARM\heritage.h(952): warning:  #1035-D: single-precision operand implicitly converted to double-precision
      if ((a>-1.0) && (a<1.0)){
..\MDK-ARM\heritage.h(964): warning:  #1035-D: single-precision operand implicitly converted to double-precision
  	if (a!= 0.0){
..\MDK-ARM\heritage.h(991): warning:  #1-D: last line of file ends without a newline
  	
..\MDK-ARM\trigonometry.h(27): warning:  #1-D: last line of file ends without a newline
  }
..\Src\main.c(1474): warning:  #177-D: variable "temp"  was declared but never referenced
  	uint16_t temp= new_state;
..\Src\main.c(2403): warning:  #144-D: a value of type "void (*)(ble_evt_t *, void *)" cannot be used to initialize an entity of type "nrf_sdh_ble_evt_handler_t"
      NRF_SDH_BLE_OBSERVER(m_ble_observer, APP_BLE_OBSERVER_PRIO, ble_evt_handler, NULL);
..\Src\main.c(2444): warning:  #111-D: statement is unreachable
              nrf_drv_wdt_channel_feed(m_channel_id);
..\Src\main.c(2551): warning:  #550-D: variable "srdata"  was set but never used
  	  ble_advdata_t srdata;
..\Src\main.c(2956): warning:  #223-D: function "mwatt_flash_init" declared implicitly
  mwatt_flash_init();
..\Src\main.c(2958): warning:  #223-D: function "mwatt_flash_erase" declared implicitly
  mwatt_flash_erase();
..\Src\main.c(2960): warning:  #223-D: function "mwatt_flash_write_zero" declared implicitly
  mwatt_flash_write_zero();
..\Src\main.c(2961): warning:  #223-D: function "mwatt_flash_write_ten" declared implicitly
  mwatt_flash_write_ten();
..\Src\main.c(2962): warning:  #223-D: function "mwatt_flash_write_ref" declared implicitly
  mwatt_flash_write_ref();
..\Src\main.c(2963): warning:  #223-D: function "mwatt_flash_write_ref2" declared implicitly
  mwatt_flash_write_ref2();
..\Src\main.c(2965): warning:  #223-D: function "mwatt_read_anything" declared implicitly
  mwatt_read_anything(0x56024);
..\Src\main.c(2884): warning:  #177-D: variable "cscs_measurement"  was declared but never referenced
  	  ble_cscs_meas_t cscs_measurement;
..\Src\main.c(3123): warning:  #1-D: last line of file ends without a newline
  //ADS018_res_data.rotation (saída do Set_Mean).
..\Src\main.c(222): warning:  #177-D: variable "glob_cumulative_crank_revs"  was declared but never referenced
  static uint16_t   glob_cumulative_crank_revs = 0;
..\Src\main.c(223): warning:  #177-D: variable "glob_event_time"  was declared but never referenced
  static uint16_t   glob_event_time            = 0;
..\Src\main.c(225): warning:  #177-D: variable "glob_wheel_revolution_mm_F"  was declared but never referenced
  static uint16_t   glob_wheel_revolution_mm_F = 0;//filtered variable to be the output of filter fnction 
..\Src\main.c(226): warning:  #177-D: variable "glob_crank_rev_degrees"  was declared but never referenced
  static uint16_t   glob_crank_rev_degrees     = 0;
..\Src\main.c(389): warning:  #550-D: variable "get_raw_data"  was set but never used
  static axis3bit16_t get_raw_data;//will be used as global to get the value in the fuction get_value
..\Src\main.c(421): warning:  #177-D: variable "m_rsc_meas_timer_id"  was declared but never referenced
  APP_TIMER_DEF(m_rsc_meas_timer_id);                                             /**< RSC measurement timer. */
..\Src\main.c(964): warning:  #177-D: function "heart_rate_meas_timeout_handler"  was declared but never referenced
  static void heart_rate_meas_timeout_handler(void * p_context)
..\Src\main.c(1166): warning:  #177-D: function "user_id_write_handler"  was declared but never referenced
  static void user_id_write_handler(ble_rus_t *p_rus, uint32_t new_state){
..\Src\main.c(1188): warning:  #177-D: function "hr_zone_preference_calc_write_handler"  was declared but never referenced
  static void hr_zone_preference_calc_write_handler(ble_rus_t *p_rus, uint32_t new_state){
..\Src\main.c(1208): warning:  #177-D: function "serial_number_write_handler"  was declared but never referenced
  static void serial_number_write_handler(ble_rus_t *p_rus, char * new_state){
..\Src\main.c(1217): warning:  #177-D: function "first_name_write_handler"  was declared but never referenced
  static void first_name_write_handler(ble_uds_t *p_uds, uint64_t new_state){
..\Src\main.c(1230): warning:  #177-D: function "last_name_write_handler"  was declared but never referenced
  static void last_name_write_handler(ble_uds_t *p_uds, uint32_t new_state){
..\Src\main.c(1244): warning:  #177-D: function "email_address_write_handler"  was declared but never referenced
  static void email_address_write_handler(ble_uds_t *p_uds, uint32_t new_state){
..\Src\main.c(1257): warning:  #177-D: function "age_write_handler"  was declared but never referenced
  static void age_write_handler(ble_uds_t *p_uds, uint32_t new_state){
..\Src\main.c(1270): warning:  #177-D: function "date_of_birth_write_handler"  was declared but never referenced
  static void date_of_birth_write_handler(ble_uds_t *p_uds, uint32_t new_state){
..\Src\main.c(1283): warning:  #177-D: function "gender_write_handler"  was declared but never referenced
  static void gender_write_handler(ble_uds_t *p_uds, uint32_t new_state){
..\Src\main.c(1296): warning:  #177-D: function "weight_write_handler"  was declared but never referenced
  static void weight_write_handler(ble_uds_t *p_uds, uint32_t new_state){
..\Src\main.c(1308): warning:  #177-D: function "height_write_handler"  was declared but never referenced
  static void height_write_handler(ble_uds_t *p_uds, uint32_t new_state){
..\Src\main.c(1320): warning:  #177-D: function "VO2_max_write_handler"  was declared but never referenced
  static void VO2_max_write_handler(ble_uds_t *p_uds, uint32_t new_state){
..\Src\main.c(1332): warning:  #177-D: function "heart_rate_max_write_handler"  was declared but never referenced
  static void heart_rate_max_write_handler(ble_uds_t *p_uds, uint32_t new_state){
..\Src\main.c(1344): warning:  #177-D: function "resting_heart_rate_write_handler"  was declared but never referenced
  static void resting_heart_rate_write_handler(ble_uds_t *p_uds, uint32_t new_state){
..\Src\main.c(1356): warning:  #177-D: function "maximum_recommended_heart_rate_write_handler"  was declared but never referenced
  static void maximum_recommended_heart_rate_write_handler(ble_uds_t *p_uds, uint32_t new_state){
..\Src\main.c(1953): warning:  #177-D: function "sleep_mybeat"  was declared but never referenced
  static void sleep_mybeat(void){
..\Src\main.c: 45 warnings, 0 errors
linking...
.\_build\nrf52832_xxaa.axf: Warning: L6330W: Undefined symbol pwr_mgmt_data2$$Base (referred from .\_build\nrf_pwr_mgmt.o). Unused section has been removed.
.\_build\nrf52832_xxaa.axf: Warning: L6330W: Undefined symbol pwr_mgmt_data2$$Limit (referred from .\_build\nrf_pwr_mgmt.o). Unused section has been removed.
.\_build\nrf52832_xxaa.axf: Warning: L6330W: Undefined symbol sdh_req_observers1$$Base (referred from .\_build\nrf_sdh.o). Unused section has been removed.
.\_build\nrf52832_xxaa.axf: Warning: L6330W: Undefined symbol sdh_req_observers1$$Limit (referred from .\_build\nrf_sdh.o). Unused section has been removed.
.\_build\nrf52832_xxaa.axf: Warning: L6330W: Undefined symbol sdh_stack_observers1$$Base (referred from .\_build\nrf_sdh.o). Unused section has been removed.
.\_build\nrf52832_xxaa.axf: Warning: L6330W: Undefined symbol sdh_stack_observers1$$Limit (referred from .\_build\nrf_sdh.o). Unused section has been removed.
.\_build\nrf52832_xxaa.axf: Warning: L6330W: Undefined symbol sdh_state_observers1$$Base (referred from .\_build\nrf_sdh.o). Unused section has been removed.
.\_build\nrf52832_xxaa.axf: Warning: L6330W: Undefined symbol sdh_state_observers1$$Limit (referred from .\_build\nrf_sdh.o). Unused section has been removed.
.\_build\nrf52832_xxaa.axf: Warning: L6330W: Undefined symbol sdh_ant_observers0$$Base (referred from .\_build\nrf_sdh_ant.o). Unused section has been removed.
.\_build\nrf52832_xxaa.axf: Warning: L6330W: Undefined symbol sdh_ant_observers0$$Limit (referred from .\_build\nrf_sdh_ant.o). Unused section has been removed.
Program Size: Code=124288 RO-data=21192 RW-data=1164 ZI-data=25380  
Finished: 0 information, 10 warning and 0 error messages.
FromELF: creating hex file...
".\_build\nrf52832_xxaa.axf" - 0 Error(s), 57 Warning(s).

<h2>Software Packages used:</h2>

Package Vendor: ARM
                http://www.keil.com/pack/ARM.CMSIS.4.5.0.pack
                ARM.CMSIS.4.5.0
                CMSIS (Cortex Microcontroller Software Interface Standard)
   * Component: CORE Version: 4.3.0

Package Vendor: NordicSemiconductor
                http://developer.nordicsemi.com/nRF5_SDK/pieces/nRF_DeviceFamilyPack/NordicSemiconductor.nRF_DeviceFamilyPack.8.29.0.pack
                NordicSemiconductor.nRF_DeviceFamilyPack.8.29.0
                Nordic Semiconductor nRF ARM devices Device Family Pack with BSD license.
   * Component: Startup Version: 8.29.0
   * Component: StartupConfig Version: 8.29.0

<h2>Collection of Component include folders:</h2>
  .\RTE\Device\nRF52832_xxAA
  .\RTE\_nrf52832_xxaa
  C:\Keil_v5\ARM\PACK\ARM\CMSIS\4.5.0\CMSIS\Include
  C:\Keil_v5\ARM\PACK\NordicSemiconductor\nRF_DeviceFamilyPack\8.29.0\Device\Include

<h2>Collection of Component Files used:</h2>

   * Component: ARM::CMSIS:CORE:4.3.0

   * Component: NordicSemiconductor::Device:Startup:8.29.0
      Source file:   Device\Source\arm\arm_startup_nrf52.s
      Include file:  Device\Include\system_nrf52.h
      Source file:   Device\Source\system_nrf52.c
      Include file:  Device\Include\system_nrf.h

   * Component: NordicSemiconductor::Device:StartupConfig:8.29.0
      Include file:  Device\Source\startup_config.h
Build Time Elapsed:  00:00:05
</pre>
</body>
</html>
