<html>
<body>
<pre>
<h1>µVision Build Log</h1>
<h2>Tool Versions:</h2>
IDE-Version: µVision V5.26.2.0
Copyright (C) 2018 ARM Ltd and ARM Germany GmbH. All rights reserved.
License Information: Genival Ferreira, Assisfit, LIC=MPPBS-LJNM5-G72R6-DIBZI-4HUE3-PH8MV
 
Tool Versions:
Toolchain:       MDK-ARM Plus  Version: 5.26.2.0
Toolchain Path:  C:\Keil_v5\ARM\ARMCC\Bin
C Compiler:      Armcc.exe V5.06 update 6 (build 750)
Assembler:       Armasm.exe V5.06 update 6 (build 750)
Linker/Locator:  ArmLink.exe V5.06 update 6 (build 750)
Library Manager: ArmAr.exe V5.06 update 6 (build 750)
Hex Converter:   FromElf.exe V5.06 update 6 (build 750)
CPU DLL:         
Dialog DLL:      
Target DLL:      Segger\JL2CM3.dll V2.99.31.0
Dialog DLL:      TCM.DLL V1.36.1.0
 
<h2>Project:</h2>
D:\calib_47\Aplication\MDK-ARM\MyBeat_V3.uvprojx
Project File Date:  05/26/2021

<h2>Output:</h2>
*** Using Compiler 'V5.06 update 6 (build 750)', folder: 'C:\Keil_v5\ARM\ARMCC\Bin'
Build target 'nrf52832_xxaa'
compiling main.c...
..\Inc\biblioteca_phillips.h(8): warning:  #1-D: last line of file ends without a newline
  void reboot_biblioteca_phillips(void);
..\MDK-ARM\ADC.h(113): warning:  #188-D: enumerated type mixed with another type
      NRFX_SAADC_DEFAULT_CHANNEL_CONFIG_DIFFERENTIAL(NRF_SAADC_INPUT_AIN6,NRF_SAADC_INPUT_AIN5);//Pinos P5 e P3
..\MDK-ARM\heritage.h(264): warning:  #1295-D: Deprecated declaration init_vars - give arg types
  void init_vars();//prototype
..\MDK-ARM\heritage.h(265): warning:  #1295-D: Deprecated declaration init_varc - give arg types
  void init_varc();//prototype
..\MDK-ARM\heritage.h(274): warning:  #1295-D: Deprecated declaration ADS018_Time_Update - give arg types
  void ADS018_Time_Update();//prototype
..\MDK-ARM\heritage.h(931): warning:  #1035-D: single-precision operand implicitly converted to double-precision
      if ((a>-1.0) && (a<1.0)){
..\MDK-ARM\heritage.h(943): warning:  #1035-D: single-precision operand implicitly converted to double-precision
  	if (a!= 0.0){
..\MDK-ARM\trigonometry.h(22): warning:  #1295-D: Deprecated declaration seno - give arg types
  double seno ();
..\MDK-ARM\trigonometry.h(23): warning:  #1295-D: Deprecated declaration cosseno - give arg types
  double cosseno ();
..\Src\main.c(2875): warning:  #144-D: a value of type "void (*)(ble_evt_t *, void *)" cannot be used to initialize an entity of type "nrf_sdh_ble_evt_handler_t"
      NRF_SDH_BLE_OBSERVER(m_ble_observer, APP_BLE_OBSERVER_PRIO, ble_evt_handler, NULL);
..\Src\main.c(2916): warning:  #111-D: statement is unreachable
              nrf_drv_wdt_channel_feed(m_channel_id);
..\Src\main.c(3073): warning:  #550-D: variable "srdata"  was set but never used
  	  ble_advdata_t srdata;
..\Src\main.c(3485): warning:  #177-D: variable "out_config"  was declared but never referenced
      nrf_drv_gpiote_out_config_t out_config = GPIOTE_CONFIG_OUT_SIMPLE(false);
..\Src\main.c(3736): warning:  #188-D: enumerated type mixed with another type
    	/**/lis2dw12_pin_mode_set(&dev_ctx,1);
..\Src\main.c(3733): warning:  #177-D: variable "caixa2"  was declared but never referenced
  	    /**/uint8_t caixa2;
..\Src\main.c(222): warning:  #177-D: variable "glob_cumulative_crank_revs"  was declared but never referenced
  static uint16_t   glob_cumulative_crank_revs = 0;
..\Src\main.c(223): warning:  #177-D: variable "glob_event_time"  was declared but never referenced
  static uint16_t   glob_event_time            = 0;
..\Src\main.c(224): warning:  #177-D: variable "glob_wheel_revolution_mm"  was declared but never referenced
  static uint16_t   glob_wheel_revolution_mm   = 0;
..\Src\main.c(225): warning:  #177-D: variable "glob_wheel_revolution_mm_F"  was declared but never referenced
  static uint16_t   glob_wheel_revolution_mm_F = 0;//filtered variable to be the output of filter fnction 
..\Src\main.c(226): warning:  #177-D: variable "glob_crank_rev_degrees"  was declared but never referenced
  static uint16_t   glob_crank_rev_degrees     = 0;
..\Src\main.c(2426): warning:  #177-D: function "sleep_mybeat"  was declared but never referenced
  static void sleep_mybeat(void){
..\Src\main.c(3478): warning:  #177-D: function "gpio_init"  was declared but never referenced
  static void gpio_init(void)
..\Src\main.c: 22 warnings, 0 errors
linking...
.\_build\nrf52832_xxaa.axf: Warning: L6330W: Undefined symbol pwr_mgmt_data2$$Base (referred from .\_build\nrf_pwr_mgmt.o). Unused section has been removed.
.\_build\nrf52832_xxaa.axf: Warning: L6330W: Undefined symbol pwr_mgmt_data2$$Limit (referred from .\_build\nrf_pwr_mgmt.o). Unused section has been removed.
.\_build\nrf52832_xxaa.axf: Warning: L6330W: Undefined symbol sdh_req_observers1$$Base (referred from .\_build\nrf_sdh.o). Unused section has been removed.
.\_build\nrf52832_xxaa.axf: Warning: L6330W: Undefined symbol sdh_req_observers1$$Limit (referred from .\_build\nrf_sdh.o). Unused section has been removed.
.\_build\nrf52832_xxaa.axf: Warning: L6330W: Undefined symbol sdh_stack_observers1$$Base (referred from .\_build\nrf_sdh.o). Unused section has been removed.
.\_build\nrf52832_xxaa.axf: Warning: L6330W: Undefined symbol sdh_stack_observers1$$Limit (referred from .\_build\nrf_sdh.o). Unused section has been removed.
.\_build\nrf52832_xxaa.axf: Warning: L6330W: Undefined symbol sdh_state_observers1$$Base (referred from .\_build\nrf_sdh.o). Unused section has been removed.
.\_build\nrf52832_xxaa.axf: Warning: L6330W: Undefined symbol sdh_state_observers1$$Limit (referred from .\_build\nrf_sdh.o). Unused section has been removed.
.\_build\nrf52832_xxaa.axf: Warning: L6330W: Undefined symbol sdh_ant_observers0$$Base (referred from .\_build\nrf_sdh_ant.o). Unused section has been removed.
.\_build\nrf52832_xxaa.axf: Warning: L6330W: Undefined symbol sdh_ant_observers0$$Limit (referred from .\_build\nrf_sdh_ant.o). Unused section has been removed.
Program Size: Code=124048 RO-data=20824 RW-data=1192 ZI-data=25176  
Finished: 0 information, 10 warning and 0 error messages.
FromELF: creating hex file...
".\_build\nrf52832_xxaa.axf" - 0 Error(s), 32 Warning(s).

<h2>Software Packages used:</h2>

Package Vendor: ARM
                http://www.keil.com/pack/ARM.CMSIS.4.5.0.pack
                ARM.CMSIS.4.5.0
                CMSIS (Cortex Microcontroller Software Interface Standard)
   * Component: CORE Version: 4.3.0

Package Vendor: NordicSemiconductor
                http://developer.nordicsemi.com/nRF5_SDK/pieces/nRF_DeviceFamilyPack/NordicSemiconductor.nRF_DeviceFamilyPack.8.29.0.pack
                NordicSemiconductor.nRF_DeviceFamilyPack.8.29.0
                Nordic Semiconductor nRF ARM devices Device Family Pack with BSD license.
   * Component: Startup Version: 8.29.0
   * Component: StartupConfig Version: 8.29.0

<h2>Collection of Component include folders:</h2>
  .\RTE\Device\nRF52832_xxAA
  .\RTE\_nrf52832_xxaa
  C:\Keil_v5\ARM\PACK\ARM\CMSIS\4.5.0\CMSIS\Include
  C:\Keil_v5\ARM\PACK\NordicSemiconductor\nRF_DeviceFamilyPack\8.29.0\Device\Include

<h2>Collection of Component Files used:</h2>

   * Component: ARM::CMSIS:CORE:4.3.0

   * Component: NordicSemiconductor::Device:Startup:8.29.0
      Include file:  Device\Include\system_nrf.h
      Source file:   Device\Source\system_nrf52.c
      Source file:   Device\Source\arm\arm_startup_nrf52.s
      Include file:  Device\Include\system_nrf52.h

   * Component: NordicSemiconductor::Device:StartupConfig:8.29.0
      Include file:  Device\Source\startup_config.h
Build Time Elapsed:  00:00:06
</pre>
</body>
</html>
