Component: ARM Compiler 5.06 update 6 (build 750) Tool: armlink [4d35ed]

==============================================================================

Section Cross References

    .\_build\main.o(i.ADS018_Cycle) refers to .\_build\main.o(.data) for .data
    .\_build\main.o(i.ADS018_Set_Mean_Data) refers to .\_build\main.o(i.ADS018_Set_Result) for ADS018_Set_Result
    .\_build\main.o(i.ADS018_Set_Mean_Data) refers to .\_build\main.o(.data) for .data
    .\_build\main.o(i.ADS018_Set_Mean_Data) refers to .\_build\main.o(.bss) for .bss
    .\_build\main.o(i.ADS018_Set_Result_C) refers to .\_build\main.o(.data) for .data
    .\_build\main.o(i.ADS018_Set_Result_C) refers to .\_build\main.o(.bss) for .bss
    .\_build\main.o(i.ADS018_Time_Update) refers to .\_build\main.o(.data) for .data
    .\_build\main.o(i.ADS018_Update_Advertising_Data) refers to .\_build\main.o(.data) for .data
    .\_build\main.o(i.ADS018_Update_Advertising_Data) refers to .\_build\main.o(.bss) for .bss
    .\_build\main.o(i.ADS018_Update_Factors) refers to C:\Keil_v5\ARM\ARMCC\Bin\..\lib\armlib\mf_w.l(dflti.o)(.text) for __aeabi_i2d
    .\_build\main.o(i.ADS018_Update_Factors) refers to C:\Keil_v5\ARM\ARMCC\Bin\..\lib\armlib\mf_w.l(dadd.o)(.text) for __aeabi_dsub
    .\_build\main.o(i.ADS018_Update_Factors) refers to C:\Keil_v5\ARM\ARMCC\Bin\..\lib\armlib\mf_w.l(dmul.o)(.text) for __aeabi_dmul
    .\_build\main.o(i.ADS018_Update_Factors) refers to C:\Keil_v5\ARM\ARMCC\Bin\..\lib\armlib\mf_w.l(dfixi.o)(.text) for __aeabi_d2iz
    .\_build\main.o(i.ADS018_Update_Factors) refers to .\_build\nrf_log_frontend.o(i.nrf_log_frontend_std_1) for nrf_log_frontend_std_1
    .\_build\main.o(i.ADS018_Update_Factors) refers to .\_build\nrf_log_frontend.o(i.nrf_log_frontend_std_0) for nrf_log_frontend_std_0
    .\_build\main.o(i.ADS018_Update_Factors) refers to .\_build\main.o(.data) for .data
    .\_build\main.o(i.ADS018_Update_Factors) refers to .\_build\nrf_log_frontend.o(log_const_data) for m_nrf_log_app_logs_data_const
    .\_build\main.o(i.ADS018_Update_SCycle) refers to .\_build\main.o(i.init_var) for init_var
    .\_build\main.o(i.ADS018_Update_SCycle) refers to .\_build\main.o(i.ADS018_res_data_clear) for ADS018_res_data_clear
    .\_build\main.o(i.ADS018_Update_SCycle) refers to .\_build\main.o(i.init_f) for init_f
    .\_build\main.o(i.ADS018_Update_SCycle) refers to .\_build\main.o(i.update_s) for update_s
    .\_build\main.o(i.ADS018_Update_SCycle) refers to .\_build\main.o(i.update_c) for update_c
    .\_build\main.o(i.ADS018_Update_SCycle) refers to .\_build\main.o(.data) for .data
    .\_build\main.o(i.ADS018_Update_SCycle) refers to .\_build\main.o(.bss) for .bss
    .\_build\main.o(i.HR_advdata_manuf_data_update) refers to C:\Keil_v5\ARM\ARMCC\Bin\..\lib\armlib\mc_w.l(memseta.o)(.text) for __aeabi_memclr4
    .\_build\main.o(i.HR_advdata_manuf_data_update) refers to .\_build\ble_advertising.o(i.ble_advertising_advdata_update) for ble_advertising_advdata_update
    .\_build\main.o(i.HR_advdata_manuf_data_update) refers to .\_build\app_error_handler_keil.o(.emb_text) for app_error_handler
    .\_build\main.o(i.HR_advdata_manuf_data_update) refers to .\_build\nrfx_wdt.o(i.nrfx_wdt_channel_feed) for nrfx_wdt_channel_feed
    .\_build\main.o(i.HR_advdata_manuf_data_update) refers to .\_build\ant_hrm_measurement.o(i.ant_hrm_measurement_update) for ant_hrm_measurement_update
    .\_build\main.o(i.HR_advdata_manuf_data_update) refers to .\_build\main.o(.data) for .data
    .\_build\main.o(i.HR_advdata_manuf_data_update) refers to .\_build\main.o(.bss) for .bss
    .\_build\main.o(i.SPIVI_zone1_threshold_write_handler) refers to .\_build\main.o(.bss) for .bss
    .\_build\main.o(i.SPIVI_zone1_threshold_write_handler) refers to .\_build\main.o(.data) for .data
    .\_build\main.o(i.SPIVI_zone2_threshold_write_handler) refers to .\_build\main.o(.bss) for .bss
    .\_build\main.o(i.SPIVI_zone2_threshold_write_handler) refers to .\_build\main.o(.data) for .data
    .\_build\main.o(i.SPIVI_zone3_threshold_write_handler) refers to .\_build\main.o(.bss) for .bss
    .\_build\main.o(i.SPIVI_zone3_threshold_write_handler) refers to .\_build\main.o(.data) for .data
    .\_build\main.o(i.SPIVI_zone4_threshold_write_handler) refers to .\_build\main.o(.bss) for .bss
    .\_build\main.o(i.SPIVI_zone4_threshold_write_handler) refers to .\_build\main.o(.data) for .data
    .\_build\main.o(i.SPIVI_zone5_threshold_write_handler) refers to .\_build\main.o(.bss) for .bss
    .\_build\main.o(i.SPIVI_zone5_threshold_write_handler) refers to .\_build\main.o(.data) for .data
    .\_build\main.o(i.SUPER_LOG) refers to .\_build\nrf_log_frontend.o(i.nrf_log_panic) for nrf_log_panic
    .\_build\main.o(i.SUPER_LOG) refers to .\_build\nrf_log_frontend.o(i.nrf_log_frontend_dequeue) for nrf_log_frontend_dequeue
    .\_build\main.o(i.SUPER_LOG) refers to C:\Keil_v5\ARM\ARMCC\Bin\..\lib\armlib\mf_w.l(f2d.o)(.text) for __aeabi_f2d
[...]
    Removing .\_build\lis2dw12_reg.o(i.lis2dw12_boot_set), (46 bytes).
    Removing .\_build\lis2dw12_reg.o(i.lis2dw12_cs_mode_get), (34 bytes).
    Removing .\_build\lis2dw12_reg.o(i.lis2dw12_cs_mode_set), (46 bytes).
    Removing .\_build\lis2dw12_reg.o(i.lis2dw12_data_rate_get), (120 bytes).
    Removing .\_build\lis2dw12_reg.o(i.lis2dw12_data_ready_mode_get), (34 bytes).
    Removing .\_build\lis2dw12_reg.o(i.lis2dw12_data_ready_mode_set), (46 bytes).
    Removing .\_build\lis2dw12_reg.o(i.lis2dw12_ff_dur_get), (52 bytes).
    Removing .\_build\lis2dw12_reg.o(i.lis2dw12_ff_dur_set), (92 bytes).
    Removing .\_build\lis2dw12_reg.o(i.lis2dw12_ff_threshold_get), (70 bytes).
    Removing .\_build\lis2dw12_reg.o(i.lis2dw12_ff_threshold_set), (46 bytes).
    Removing .\_build\lis2dw12_reg.o(i.lis2dw12_fifo_data_level_get), (26 bytes).
    Removing .\_build\lis2dw12_reg.o(i.lis2dw12_fifo_mode_get), (56 bytes).
    Removing .\_build\lis2dw12_reg.o(i.lis2dw12_fifo_mode_set), (46 bytes).
    Removing .\_build\lis2dw12_reg.o(i.lis2dw12_fifo_ovr_flag_get), (26 bytes).
    Removing .\_build\lis2dw12_reg.o(i.lis2dw12_fifo_watermark_get), (26 bytes).
    Removing .\_build\lis2dw12_reg.o(i.lis2dw12_fifo_watermark_set), (46 bytes).
    Removing .\_build\lis2dw12_reg.o(i.lis2dw12_fifo_wtm_flag_get), (24 bytes).
    Removing .\_build\lis2dw12_reg.o(i.lis2dw12_filter_bandwidth_get), (54 bytes).
    Removing .\_build\lis2dw12_reg.o(i.lis2dw12_filter_path_get), (78 bytes).
    Removing .\_build\lis2dw12_reg.o(i.lis2dw12_flag_data_ready_get), (26 bytes).
    Removing .\_build\lis2dw12_reg.o(i.lis2dw12_from_fs16_lp1_to_mg), (24 bytes).
    Removing .\_build\lis2dw12_reg.o(i.lis2dw12_from_fs16_to_mg), (24 bytes).
    Removing .\_build\lis2dw12_reg.o(i.lis2dw12_from_fs2_lp1_to_mg), (24 bytes).
    Removing .\_build\lis2dw12_reg.o(i.lis2dw12_from_fs2_to_mg), (24 bytes).
    Removing .\_build\lis2dw12_reg.o(i.lis2dw12_from_fs4_lp1_to_mg), (36 bytes).
    Removing .\_build\lis2dw12_reg.o(i.lis2dw12_from_fs4_to_mg), (24 bytes).
    Removing .\_build\lis2dw12_reg.o(i.lis2dw12_from_fs8_lp1_to_mg), (24 bytes).
    Removing .\_build\lis2dw12_reg.o(i.lis2dw12_from_fs8_to_mg), (24 bytes).
    Removing .\_build\lis2dw12_reg.o(i.lis2dw12_from_lsb_to_celsius), (28 bytes).
    Removing .\_build\lis2dw12_reg.o(i.lis2dw12_full_scale_get), (54 bytes).
    Removing .\_build\lis2dw12_reg.o(i.lis2dw12_i2c_interface_get), (34 bytes).
    Removing .\_build\lis2dw12_reg.o(i.lis2dw12_i2c_interface_set), (46 bytes).
    Removing .\_build\lis2dw12_reg.o(i.lis2dw12_int_notification_get), (34 bytes).
    Removing .\_build\lis2dw12_reg.o(i.lis2dw12_int_notification_set), (46 bytes).
    Removing .\_build\lis2dw12_reg.o(i.lis2dw12_offset_weight_get), (34 bytes).
    Removing .\_build\lis2dw12_reg.o(i.lis2dw12_offset_weight_set), (46 bytes).
    Removing .\_build\lis2dw12_reg.o(i.lis2dw12_pin_int2_route_get), (10 bytes).
    Removing .\_build\lis2dw12_reg.o(i.lis2dw12_pin_int2_route_set), (128 bytes).
    Removing .\_build\lis2dw12_reg.o(i.lis2dw12_pin_mode_get), (34 bytes).
    Removing .\_build\lis2dw12_reg.o(i.lis2dw12_pin_mode_set), (46 bytes).
    Removing .\_build\lis2dw12_reg.o(i.lis2dw12_pin_polarity_get), (34 bytes).
    Removing .\_build\lis2dw12_reg.o(i.lis2dw12_pin_polarity_set), (46 bytes).
    Removing .\_build\lis2dw12_reg.o(i.lis2dw12_power_mode_get), (170 bytes).
    Removing .\_build\lis2dw12_reg.o(i.lis2dw12_reference_mode_get), (26 bytes).
    Removing .\_build\lis2dw12_reg.o(i.lis2dw12_reference_mode_set), (46 bytes).
    Removing .\_build\lis2dw12_reg.o(i.lis2dw12_self_test_get), (46 bytes).
    Removing .\_build\lis2dw12_reg.o(i.lis2dw12_self_test_set), (46 bytes).
    Removing .\_build\lis2dw12_reg.o(i.lis2dw12_spi_mode_get), (36 bytes).
    Removing .\_build\lis2dw12_reg.o(i.lis2dw12_spi_mode_set), (46 bytes).
    Removing .\_build\lis2dw12_reg.o(i.lis2dw12_status_reg_get), (10 bytes).
    Removing .\_build\lis2dw12_reg.o(i.lis2dw12_tap_axis_priority_get), (60 bytes).
    Removing .\_build\lis2dw12_reg.o(i.lis2dw12_tap_axis_priority_set), (46 bytes).
    Removing .\_build\lis2dw12_reg.o(i.lis2dw12_tap_detection_on_x_get), (24 bytes).
    Removing .\_build\lis2dw12_reg.o(i.lis2dw12_tap_detection_on_x_set), (46 bytes).
    Removing .\_build\lis2dw12_reg.o(i.lis2dw12_tap_detection_on_y_get), (26 bytes).
    Removing .\_build\lis2dw12_reg.o(i.lis2dw12_tap_detection_on_y_set), (46 bytes).
    Removing .\_build\lis2dw12_reg.o(i.lis2dw12_tap_detection_on_z_get), (26 bytes).
    Removing .\_build\lis2dw12_reg.o(i.lis2dw12_tap_detection_on_z_set), (46 bytes).
    Removing .\_build\lis2dw12_reg.o(i.lis2dw12_tap_dur_get), (24 bytes).
    Removing .\_build\lis2dw12_reg.o(i.lis2dw12_tap_dur_set), (46 bytes).
    Removing .\_build\lis2dw12_reg.o(i.lis2dw12_tap_mode_get), (34 bytes).
    Removing .\_build\lis2dw12_reg.o(i.lis2dw12_tap_mode_set), (46 bytes).
    Removing .\_build\lis2dw12_reg.o(i.lis2dw12_tap_quiet_get), (26 bytes).
    Removing .\_build\lis2dw12_reg.o(i.lis2dw12_tap_quiet_set), (46 bytes).
    Removing .\_build\lis2dw12_reg.o(i.lis2dw12_tap_shock_get), (26 bytes).
    Removing .\_build\lis2dw12_reg.o(i.lis2dw12_tap_shock_set), (46 bytes).
    Removing .\_build\lis2dw12_reg.o(i.lis2dw12_tap_src_get), (10 bytes).
    Removing .\_build\lis2dw12_reg.o(i.lis2dw12_tap_threshold_x_get), (26 bytes).
    Removing .\_build\lis2dw12_reg.o(i.lis2dw12_tap_threshold_x_set), (46 bytes).
    Removing .\_build\lis2dw12_reg.o(i.lis2dw12_tap_threshold_y_get), (26 bytes).
    Removing .\_build\lis2dw12_reg.o(i.lis2dw12_tap_threshold_y_set), (46 bytes).
    Removing .\_build\lis2dw12_reg.o(i.lis2dw12_tap_threshold_z_get), (26 bytes).
    Removing .\_build\lis2dw12_reg.o(i.lis2dw12_tap_threshold_z_set), (46 bytes).
    Removing .\_build\lis2dw12_reg.o(i.lis2dw12_temperature_raw_get), (10 bytes).
    Removing .\_build\lis2dw12_reg.o(i.lis2dw12_usr_offset_x_get), (10 bytes).
    Removing .\_build\lis2dw12_reg.o(i.lis2dw12_usr_offset_x_set), (10 bytes).
    Removing .\_build\lis2dw12_reg.o(i.lis2dw12_usr_offset_y_get), (10 bytes).
    Removing .\_build\lis2dw12_reg.o(i.lis2dw12_usr_offset_y_set), (10 bytes).
    Removing .\_build\lis2dw12_reg.o(i.lis2dw12_usr_offset_z_get), (10 bytes).
    Removing .\_build\lis2dw12_reg.o(i.lis2dw12_usr_offset_z_set), (10 bytes).
    Removing .\_build\lis2dw12_reg.o(i.lis2dw12_wkup_dur_get), (26 bytes).
    Removing .\_build\lis2dw12_reg.o(i.lis2dw12_wkup_dur_set), (46 bytes).
    Removing .\_build\lis2dw12_reg.o(i.lis2dw12_wkup_feed_data_get), (34 bytes).
    Removing .\_build\lis2dw12_reg.o(i.lis2dw12_wkup_feed_data_set), (46 bytes).
    Removing .\_build\lis2dw12_reg.o(i.lis2dw12_wkup_threshold_get), (26 bytes).
    Removing .\_build\lis2dw12_reg.o(i.lis2dw12_wkup_threshold_set), (46 bytes).
    Removing .\_build\fxi.o(i.FXI_DisableMetrics), (8 bytes).
    Removing .\_build\fxi.o(i.FXI_EnableMetrics), (8 bytes).
    Removing .\_build\fxi.o(i.FXI_GetDefaultParams), (8 bytes).
    Removing .\_build\fxi.o(i.FXI_GetMetric), (16 bytes).
    Removing .\_build\fxi.o(i.FXI_GetVersionInfo), (8 bytes).
    Removing .\_build\fxi.o(i.FXI_Initialise), (8 bytes).
    Removing .\_build\fxi.o(i.FXI_ListRequiredMetrics), (8 bytes).
    Removing .\_build\fxi.o(i.FXI_ListUpdatedMetrics), (8 bytes).
    Removing .\_build\fxi.o(i.FXI_Process), (8 bytes).
    Removing .\_build\fxi.o(i.FXI_SetMetric), (16 bytes).
    Removing .\_build\fxi.o(i.FXI_Terminate), (8 bytes).
    Removing .\_build\zonas_cardiacas.o(i.calcular_zona_atual), (1626 bytes).
    Removing .\_build\zonas_cardiacas.o(i.definir_idade), (12 bytes).
    Removing .\_build\zonas_cardiacas.o(i.get_color), (20 bytes).
    Removing .\_build\zonas_cardiacas.o(i.get_current_zone), (268 bytes).
    Removing .\_build\zonas_cardiacas.o(i.get_hr_percent), (12 bytes).
    Removing .\_build\zonas_cardiacas.o(i.get_hr_zone_limits), (16 bytes).
    Removing .\_build\zonas_cardiacas.o(i.obter_idade), (12 bytes).
    Removing .\_build\zonas_cardiacas.o(i.set_CIA_ATHLETICA_percentage_threshold), (12 bytes).
    Removing .\_build\zonas_cardiacas.o(i.set_MYBEAT_V2_percentage_threshold), (12 bytes).
    Removing .\_build\zonas_cardiacas.o(i.set_SPIVI_percentage_threshold), (12 bytes).
    Removing .\_build\zonas_cardiacas.o(i.set_hr_zone_select), (12 bytes).
    Removing .\_build\zonas_cardiacas.o(i.set_resting_heart_rate_value), (12 bytes).
    Removing .\_build\zonas_cardiacas.o(i.set_rhr_percentage_threshold), (12 bytes).
    Removing .\_build\zonas_cardiacas.o(.data), (2 bytes).
    Removing .\_build\controle_leds.o(.rev16_text), (4 bytes).
    Removing .\_build\controle_leds.o(.revsh_text), (4 bytes).
    Removing .\_build\controle_leds.o(.rrx_text), (6 bytes).
    Removing .\_build\controle_leds.o(i.get_current_color), (12 bytes).
    Removing .\_build\controle_leds.o(i.nrf_gpio_pin_clear), (14 bytes).
    Removing .\_build\controle_leds.o(i.nrf_gpio_pin_set), (14 bytes).
    Removing .\_build\controle_leds.o(i.pwm_stop), (24 bytes).
    Removing .\_build\controle_leds.o(i.set_cor), (52 bytes).
    Removing .\_build\controle_leds.o(i.set_led), (160 bytes).
    Removing .\_build\ble_rtcs.o(.rev16_text), (4 bytes).
    Removing .\_build\ble_rtcs.o(.revsh_text), (4 bytes).
    Removing .\_build\ble_rtcs.o(.rrx_text), (6 bytes).
    Removing .\_build\ble_rus.o(.rev16_text), (4 bytes).
    Removing .\_build\ble_rus.o(.revsh_text), (4 bytes).
    Removing .\_build\ble_rus.o(.rrx_text), (6 bytes).
    Removing .\_build\ble_uds.o(.rev16_text), (4 bytes).
    Removing .\_build\ble_uds.o(.revsh_text), (4 bytes).
    Removing .\_build\ble_uds.o(.rrx_text), (6 bytes).
    Removing .\_build\ble_uds.o(i.VO2_max_char_add), (164 bytes).
    Removing .\_build\ble_uds.o(i.aerobic_threshold_char_add), (162 bytes).
    Removing .\_build\ble_uds.o(i.age_char_add), (162 bytes).
    Removing .\_build\ble_uds.o(i.anaerobic_threshold_char_add), (162 bytes).
    Removing .\_build\ble_uds.o(i.ble_uds_init), (268 bytes).
    Removing .\_build\ble_uds.o(i.first_name_char_add), (164 bytes).
    Removing .\_build\ble_uds.o(i.fitnes_index_char_add), (162 bytes).
    Removing .\_build\ble_uds.o(i.gender_char_add), (162 bytes).
    Removing .\_build\ble_uds.o(i.height_char_add), (164 bytes).
    Removing .\_build\ble_uds.o(i.resting_heart_char_add), (162 bytes).
    Removing .\_build\ble_uds.o(i.weight_char_add), (164 bytes).
    Removing .\_build\buffer_services.o(.rev16_text), (4 bytes).
    Removing .\_build\buffer_services.o(.revsh_text), (4 bytes).
    Removing .\_build\buffer_services.o(.rrx_text), (6 bytes).
    Removing .\_build\buffer_services.o(i.buff_save), (108 bytes).
    Removing .\_build\buffer_services.o(i.get_hr_zone_calc_select), (24 bytes).
    Removing .\_build\buffer_services.o(i.get_resting_heart_rate_value_threshold), (20 bytes).
    Removing .\_build\buffer_services.o(i.nv_mem_buf_get), (8 bytes).
    Removing .\_build\buffer_services.o(i.set_SPIVI_zone1_percentage_threshold), (12 bytes).
    Removing .\_build\buffer_services.o(i.set_SPIVI_zone2_percentage_threshold), (12 bytes).
    Removing .\_build\buffer_services.o(i.set_SPIVI_zone3_percentage_threshold), (12 bytes).
    Removing .\_build\buffer_services.o(i.set_SPIVI_zone4_percentage_threshold), (12 bytes).
    Removing .\_build\buffer_services.o(i.set_SPIVI_zone5_percentage_threshold), (12 bytes).
    Removing .\_build\buffer_services.o(i.set_VO2_max_metric), (12 bytes).
    Removing .\_build\buffer_services.o(i.set_aerobic_heart_rate_lower_limit_metric), (12 bytes).
    Removing .\_build\buffer_services.o(i.set_aerobic_heart_rate_upper_limit_metric), (12 bytes).
    Removing .\_build\buffer_services.o(i.set_aerobic_threshold_metric), (12 bytes).
    Removing .\_build\buffer_services.o(i.set_age_metric), (12 bytes).
    Removing .\_build\buffer_services.o(i.set_anaerobic_heart_rate_lower_limit_metric), (12 bytes).
    Removing .\_build\buffer_services.o(i.set_anaerobic_threshold_metric), (12 bytes).
    Removing .\_build\buffer_services.o(i.set_date_of_birth_metric), (12 bytes).
    Removing .\_build\buffer_services.o(i.set_date_of_threshold_assessment_metric), (12 bytes).
    Removing .\_build\buffer_services.o(i.set_email_address_metric), (12 bytes).
    Removing .\_build\buffer_services.o(i.set_fat_burn_heart_rate_lower_limit_metric), (12 bytes).
    Removing .\_build\buffer_services.o(i.set_fat_burn_heart_rate_upper_limit_metric), (12 bytes).
    Removing .\_build\buffer_services.o(i.set_first_name_metric), (12 bytes).
    Removing .\_build\buffer_services.o(i.set_fitnes_index_metric), (12 bytes).
    Removing .\_build\buffer_services.o(i.set_five_zone_heart_rate_limits_metric), (12 bytes).
    Removing .\_build\buffer_services.o(i.set_gender_metric), (12 bytes).
    Removing .\_build\buffer_services.o(i.set_heart_rate_max_metric), (12 bytes).
    Removing .\_build\buffer_services.o(i.set_height_metric), (12 bytes).
    Removing .\_build\buffer_services.o(i.set_hr_zone_calc_select), (12 bytes).
    Removing .\_build\buffer_services.o(i.set_hr_zone_preference_calc), (12 bytes).
    Removing .\_build\buffer_services.o(i.set_language_metric), (12 bytes).
    Removing .\_build\buffer_services.o(i.set_last_name_metric), (12 bytes).
    Removing .\_build\buffer_services.o(i.set_maximum_recommended_heart_rate_metric), (12 bytes).
    Removing .\_build\buffer_services.o(i.set_resting_heart_rate_metric), (12 bytes).
    Removing .\_build\buffer_services.o(i.set_resting_heart_rate_value_threshold), (12 bytes).
    Removing .\_build\buffer_services.o(i.set_rhr_zone1_percentage_threshold), (12 bytes).
    Removing .\_build\buffer_services.o(i.set_rhr_zone2_percentage_threshold), (12 bytes).
    Removing .\_build\buffer_services.o(i.set_rhr_zone3_percentage_threshold), (12 bytes).
    Removing .\_build\buffer_services.o(i.set_rhr_zone4_percentage_threshold), (12 bytes).
    Removing .\_build\buffer_services.o(i.set_rhr_zone5_percentage_threshold), (12 bytes).
    Removing .\_build\buffer_services.o(i.set_serial_number_metric), (12 bytes).
    Removing .\_build\buffer_services.o(i.set_sport_type_for_aerobic_and_anaerobic_thresholds_metric), (12 bytes).
    Removing .\_build\buffer_services.o(i.set_three_zone_heart_rate_limits_metric), (12 bytes).
    Removing .\_build\buffer_services.o(i.set_two_zone_heart_rate_limit_metric), (12 bytes).
    Removing .\_build\buffer_services.o(i.set_user_id), (12 bytes).
    Removing .\_build\buffer_services.o(i.set_waist_circumference_metric), (12 bytes).
    Removing .\_build\buffer_services.o(i.set_weight_metric), (12 bytes).
    Removing .\_build\ble_rsc.o(.rev16_text), (4 bytes).
    Removing .\_build\ble_rsc.o(.revsh_text), (4 bytes).
    Removing .\_build\ble_rsc.o(.rrx_text), (6 bytes).
    Removing .\_build\ble_rsc.o(i.ble_rscs_init), (210 bytes).
    Removing .\_build\ble_rsc.o(i.ble_rscs_measurement_send), (160 bytes).
    Removing .\_build\ble_rsc.o(i.ble_rscs_on_ble_evt), (156 bytes).
    Removing .\_build\ble_rsc.o(i.rsc_measurement_encode), (94 bytes).
    Removing .\_build\ble_cscs.o(.rev16_text), (4 bytes).
    Removing .\_build\ble_cscs.o(.revsh_text), (4 bytes).
    Removing .\_build\ble_cscs.o(.rrx_text), (6 bytes).
    Removing .\_build\flash_write.o(.rev16_text), (4 bytes).
    Removing .\_build\flash_write.o(.revsh_text), (4 bytes).
    Removing .\_build\flash_write.o(.rrx_text), (6 bytes).
    Removing .\_build\flash_write.o(i.hex_to_int), (2 bytes).
    Removing .\_build\flash_write.o(i.mwatt_flash_erase), (128 bytes).
    Removing .\_build\flash_write.o(i.mwatt_flash_read), (152 bytes).
    Removing .\_build\flash_write.o(i.mwatt_flash_write), (92 bytes).
    Removing .\_build\flash_write.o(i.mwatt_write_anything), (112 bytes).
    Removing .\_build\flash_write.o(i.print_mwatt_flash_info), (192 bytes).
    Removing .\_build\boards.o(.rev16_text), (4 bytes).
    Removing .\_build\boards.o(.revsh_text), (4 bytes).
    Removing .\_build\boards.o(.rrx_text), (6 bytes).
    Removing .\_build\boards.o(i.bsp_board_button_idx_to_pin), (12 bytes).
    Removing .\_build\boards.o(i.bsp_board_init), (76 bytes).
    Removing .\_build\boards.o(i.bsp_board_led_idx_to_pin), (12 bytes).
    Removing .\_build\boards.o(i.bsp_board_pin_to_led_idx), (36 bytes).
    Removing .\_build\boards.o(i.nrf_gpio_cfg), (36 bytes).
    Removing .\_build\bsp.o(.rev16_text), (4 bytes).
    Removing .\_build\bsp.o(.revsh_text), (4 bytes).
    Removing .\_build\bsp.o(.rrx_text), (6 bytes).
    Removing .\_build\bsp.o(i.bsp_buttons_disable), (4 bytes).
    Removing .\_build\bsp.o(i.bsp_buttons_enable), (4 bytes).
    Removing .\_build\bsp.o(i.bsp_wakeup_button_disable), (6 bytes).
    Removing .\_build\bsp.o(i.bsp_wakeup_button_enable), (6 bytes).
    Removing .\_build\bsp.o(i.wakeup_button_cfg), (56 bytes).
    Removing .\_build\bsp_btn_ble.o(.rev16_text), (4 bytes).
    Removing .\_build\bsp_btn_ble.o(.revsh_text), (4 bytes).
    Removing .\_build\bsp_btn_ble.o(.rrx_text), (6 bytes).
    Removing .\_build\bsp_btn_ble.o(i.bsp_btn_ble_sleep_mode_prepare), (30 bytes).
    Removing .\_build\utf.o(i.utf16DecodeRune), (74 bytes).
    Removing .\_build\utf.o(i.utf16EncodeRune), (64 bytes).
    Removing .\_build\utf.o(i.utf16RuneCount), (60 bytes).
    Removing .\_build\utf.o(i.utf16UTF8Count), (78 bytes).
    Removing .\_build\utf.o(i.utf8DecodeRune), (174 bytes).
    Removing .\_build\utf.o(i.utf8EncodeRune), (160 bytes).
    Removing .\_build\utf.o(i.utf8RuneCount), (58 bytes).
    Removing .\_build\utf.o(i.utf8UTF16Count), (76 bytes).
    Removing .\_build\auth_status_tracker.o(.rev16_text), (4 bytes).
    Removing .\_build\auth_status_tracker.o(.revsh_text), (4 bytes).
    Removing .\_build\auth_status_tracker.o(.rrx_text), (6 bytes).
    Removing .\_build\ble_advdata.o(.rev16_text), (4 bytes).
    Removing .\_build\ble_advdata.o(.revsh_text), (4 bytes).
    Removing .\_build\ble_advdata.o(.rrx_text), (6 bytes).
    Removing .\_build\ble_advdata.o(i.ble_advdata_appearance_find), (52 bytes).
    Removing .\_build\ble_advdata.o(i.ble_advdata_name_find), (68 bytes).
    Removing .\_build\ble_advdata.o(i.ble_advdata_short_name_find), (74 bytes).
    Removing .\_build\ble_advdata.o(i.ble_advdata_uuid_find), (182 bytes).
    Removing .\_build\ble_advertising.o(.rev16_text), (4 bytes).
    Removing .\_build\ble_advertising.o(.revsh_text), (4 bytes).
    Removing .\_build\ble_advertising.o(.rrx_text), (6 bytes).
    Removing .\_build\ble_advertising.o(i.ble_advertising_peer_addr_reply), (38 bytes).
    Removing .\_build\ble_advertising.o(i.ble_advertising_whitelist_reply), (36 bytes).
    Removing .\_build\ble_conn_params.o(.rev16_text), (4 bytes).
    Removing .\_build\ble_conn_params.o(.revsh_text), (4 bytes).
    Removing .\_build\ble_conn_params.o(.rrx_text), (6 bytes).
    Removing .\_build\ble_conn_params.o(i.ble_conn_params_change_conn_params), (64 bytes).
    Removing .\_build\ble_conn_params.o(i.ble_conn_params_stop), (36 bytes).
    Removing .\_build\ble_conn_state.o(.rev16_text), (4 bytes).
    Removing .\_build\ble_conn_state.o(.revsh_text), (4 bytes).
    Removing .\_build\ble_conn_state.o(.rrx_text), (6 bytes).
    Removing .\_build\ble_conn_state.o(i.active_flag_count), (28 bytes).
    Removing .\_build\ble_conn_state.o(i.bcs_internal_state_reset), (12 bytes).
    Removing .\_build\ble_conn_state.o(i.ble_conn_state_central_conn_count), (28 bytes).
    Removing .\_build\ble_conn_state.o(i.ble_conn_state_central_handles), (32 bytes).
    Removing .\_build\ble_conn_state.o(i.ble_conn_state_conn_count), (12 bytes).
    Removing .\_build\ble_conn_state.o(i.ble_conn_state_conn_idx), (18 bytes).
    Removing .\_build\ble_conn_state.o(i.ble_conn_state_init), (4 bytes).
    Removing .\_build\ble_conn_state.o(i.ble_conn_state_periph_handles), (36 bytes).
    Removing .\_build\ble_conn_state.o(i.ble_conn_state_peripheral_conn_count), (32 bytes).
    Removing .\_build\ble_srv_common.o(.rev16_text), (4 bytes).
    Removing .\_build\ble_srv_common.o(.revsh_text), (4 bytes).
    Removing .\_build\ble_srv_common.o(.rrx_text), (6 bytes).
    Removing .\_build\gatt_cache_manager.o(.rev16_text), (4 bytes).
    Removing .\_build\gatt_cache_manager.o(.revsh_text), (4 bytes).
    Removing .\_build\gatt_cache_manager.o(.rrx_text), (6 bytes).
    Removing .\_build\gatt_cache_manager.o(i.gcm_local_database_has_changed), (84 bytes).
    Removing .\_build\gatt_cache_manager.o(i.gcm_local_db_cache_update), (16 bytes).
    Removing .\_build\gatts_cache_manager.o(.rev16_text), (4 bytes).
    Removing .\_build\gatts_cache_manager.o(.revsh_text), (4 bytes).
    Removing .\_build\gatts_cache_manager.o(.rrx_text), (6 bytes).
    Removing .\_build\gatts_cache_manager.o(i.gscm_local_database_has_changed), (28 bytes).
    Removing .\_build\id_manager.o(.rev16_text), (4 bytes).
    Removing .\_build\id_manager.o(.revsh_text), (4 bytes).
    Removing .\_build\id_manager.o(.rrx_text), (6 bytes).
    Removing .\_build\id_manager.o(i.im_device_identities_list_set), (236 bytes).
    Removing .\_build\id_manager.o(i.im_id_addr_get), (4 bytes).
    Removing .\_build\id_manager.o(i.im_id_addr_set), (4 bytes).
    Removing .\_build\id_manager.o(i.im_privacy_get), (4 bytes).
    Removing .\_build\id_manager.o(i.im_privacy_set), (4 bytes).
    Removing .\_build\id_manager.o(i.im_whitelist_get), (56 bytes).
    Removing .\_build\id_manager.o(i.im_whitelist_set), (116 bytes).
    Removing .\_build\id_manager.o(i.peers_id_keys_get), (192 bytes).
    Removing .\_build\id_manager.o(.conststring), (238 bytes).
    Removing .\_build\id_manager.o(.data), (1 bytes).
    Removing .\_build\nrf_ble_gatt.o(.rev16_text), (4 bytes).
    Removing .\_build\nrf_ble_gatt.o(.revsh_text), (4 bytes).
    Removing .\_build\nrf_ble_gatt.o(.rrx_text), (6 bytes).
    Removing .\_build\nrf_ble_gatt.o(i.nrf_ble_gatt_att_mtu_central_set), (24 bytes).
    Removing .\_build\nrf_ble_gatt.o(i.nrf_ble_gatt_att_mtu_periph_set), (24 bytes).
    Removing .\_build\nrf_ble_gatt.o(i.nrf_ble_gatt_data_length_get), (34 bytes).
    Removing .\_build\nrf_ble_gatt.o(i.nrf_ble_gatt_data_length_set), (46 bytes).
    Removing .\_build\nrf_ble_gatt.o(i.nrf_ble_gatt_eff_mtu_get), (12 bytes).
    Removing .\_build\nrf_ble_lesc.o(.rev16_text), (4 bytes).
    Removing .\_build\nrf_ble_lesc.o(.revsh_text), (4 bytes).
    Removing .\_build\nrf_ble_lesc.o(.rrx_text), (6 bytes).
    Removing .\_build\nrf_ble_lesc.o(i.nrf_ble_lesc_own_oob_data_generate), (48 bytes).
    Removing .\_build\nrf_ble_lesc.o(i.nrf_ble_lesc_own_oob_data_get), (60 bytes).
    Removing .\_build\nrf_ble_lesc.o(i.nrf_ble_lesc_peer_oob_data_handler_set), (12 bytes).
    Removing .\_build\nrf_ble_qwr.o(.rev16_text), (4 bytes).
    Removing .\_build\nrf_ble_qwr.o(.revsh_text), (4 bytes).
    Removing .\_build\nrf_ble_qwr.o(.rrx_text), (6 bytes).
    Removing .\_build\peer_data_storage.o(.rev16_text), (4 bytes).
    Removing .\_build\peer_data_storage.o(.revsh_text), (4 bytes).
    Removing .\_build\peer_data_storage.o(.rrx_text), (6 bytes).
    Removing .\_build\peer_data_storage.o(i.pds_peer_count_get), (4 bytes).
    Removing .\_build\peer_data_storage.o(i.pds_peer_data_delete), (108 bytes).
    Removing .\_build\peer_data_storage.o(i.pds_peer_id_is_deleted), (4 bytes).
    Removing .\_build\peer_database.o(.rev16_text), (4 bytes).
    Removing .\_build\peer_database.o(.revsh_text), (4 bytes).
    Removing .\_build\peer_database.o(.rrx_text), (6 bytes).
    Removing .\_build\peer_id.o(.rev16_text), (4 bytes).
    Removing .\_build\peer_id.o(.revsh_text), (4 bytes).
    Removing .\_build\peer_id.o(.rrx_text), (6 bytes).
    Removing .\_build\peer_id.o(i.peer_id_n_ids), (32 bytes).
    Removing .\_build\peer_manager.o(.rev16_text), (4 bytes).
    Removing .\_build\peer_manager.o(.revsh_text), (4 bytes).
    Removing .\_build\peer_manager.o(.rrx_text), (6 bytes).
    Removing .\_build\peer_manager.o(i.pm_address_resolve), (28 bytes).
    Removing .\_build\peer_manager.o(i.pm_conn_handle_get), (36 bytes).
    Removing .\_build\peer_manager.o(i.pm_conn_sec_config_reply), (10 bytes).
    Removing .\_build\peer_manager.o(i.pm_conn_sec_params_reply), (20 bytes).
    Removing .\_build\peer_manager.o(i.pm_device_identities_list_set), (20 bytes).
    Removing .\_build\peer_manager.o(i.pm_id_addr_get), (24 bytes).
    Removing .\_build\peer_manager.o(i.pm_id_addr_set), (20 bytes).
    Removing .\_build\peer_manager.o(i.pm_lesc_public_key_set), (20 bytes).
    Removing .\_build\peer_manager.o(i.pm_local_database_has_changed), (20 bytes).
    Removing .\_build\peer_manager.o(i.pm_next_peer_id_get), (40 bytes).
    Removing .\_build\peer_manager.o(i.pm_peer_count), (20 bytes).
    Removing .\_build\peer_manager.o(i.pm_peer_data_app_data_load), (10 bytes).
    Removing .\_build\peer_manager.o(i.pm_peer_data_app_data_store), (16 bytes).
    Removing .\_build\peer_manager.o(i.pm_peer_data_bonding_load), (18 bytes).
    Removing .\_build\peer_manager.o(i.pm_peer_data_bonding_store), (16 bytes).
    Removing .\_build\peer_manager.o(i.pm_peer_data_delete), (28 bytes).
    Removing .\_build\peer_manager.o(i.pm_peer_data_load), (40 bytes).
    Removing .\_build\peer_manager.o(i.pm_peer_data_remote_db_load), (10 bytes).
    Removing .\_build\peer_manager.o(i.pm_peer_data_remote_db_store), (16 bytes).
    Removing .\_build\peer_manager.o(i.pm_peer_data_store), (112 bytes).
    Removing .\_build\peer_manager.o(i.pm_peer_id_get), (36 bytes).
    Removing .\_build\peer_manager.o(i.pm_peer_id_list), (272 bytes).
    Removing .\_build\peer_manager.o(i.pm_peer_new), (196 bytes).
    Removing .\_build\peer_manager.o(i.pm_privacy_get), (28 bytes).
    Removing .\_build\peer_manager.o(i.pm_privacy_set), (24 bytes).
    Removing .\_build\peer_manager.o(i.pm_sec_is_sufficient), (20 bytes).
    Removing .\_build\peer_manager.o(i.pm_whitelist_get), (44 bytes).
    Removing .\_build\peer_manager.o(i.pm_whitelist_set), (20 bytes).
    Removing .\_build\peer_manager_handler.o(.rev16_text), (4 bytes).
    Removing .\_build\peer_manager_handler.o(.revsh_text), (4 bytes).
    Removing .\_build\peer_manager_handler.o(.rrx_text), (6 bytes).
    Removing .\_build\peer_manager_handler.o(i.pm_handler_disconnect_on_insufficient_sec), (188 bytes).
    Removing .\_build\peer_manager_handler.o(i.pm_handler_disconnect_on_sec_failure), (172 bytes).
    Removing .\_build\peer_manager_handler.o(i.pm_handler_secure_on_connection), (16 bytes).
    Removing .\_build\peer_manager_handler.o(i.pm_handler_secure_on_error), (80 bytes).
    Removing .\_build\peer_manager_handler.o(.bss), (30 bytes).
    Removing .\_build\peer_manager_handler.o(.constdata), (32 bytes).
    Removing .\_build\peer_manager_handler.o(.conststring), (635 bytes).
    Removing .\_build\peer_manager_handler.o(.conststring), (134 bytes).
    Removing .\_build\peer_manager_handler.o(.data), (84 bytes).
    Removing .\_build\pm_buffer.o(.rev16_text), (4 bytes).
    Removing .\_build\pm_buffer.o(.revsh_text), (4 bytes).
    Removing .\_build\pm_buffer.o(.rrx_text), (6 bytes).
    Removing .\_build\security_dispatcher.o(.rev16_text), (4 bytes).
    Removing .\_build\security_dispatcher.o(.revsh_text), (4 bytes).
    Removing .\_build\security_dispatcher.o(.rrx_text), (6 bytes).
    Removing .\_build\security_dispatcher.o(i.smd_conn_sec_config_reply), (16 bytes).
    Removing .\_build\security_manager.o(.rev16_text), (4 bytes).
    Removing .\_build\security_manager.o(.revsh_text), (4 bytes).
    Removing .\_build\security_manager.o(.rrx_text), (6 bytes).
    Removing .\_build\security_manager.o(i.sm_conn_sec_config_reply), (4 bytes).
    Removing .\_build\security_manager.o(i.sm_lesc_public_key_set), (4 bytes).
    Removing .\_build\security_manager.o(i.sm_sec_params_reply), (50 bytes).
    Removing .\_build\ble_bas.o(.rev16_text), (4 bytes).
    Removing .\_build\ble_bas.o(.revsh_text), (4 bytes).
    Removing .\_build\ble_bas.o(.rrx_text), (6 bytes).
    Removing .\_build\ble_bas.o(i.ble_bas_battery_lvl_on_reconnection_update), (66 bytes).
    Removing .\_build\ble_dis.o(.rev16_text), (4 bytes).
    Removing .\_build\ble_dis.o(.revsh_text), (4 bytes).
    Removing .\_build\ble_dis.o(.rrx_text), (6 bytes).
    Removing .\_build\ble_hrs.o(.rev16_text), (4 bytes).
    Removing .\_build\ble_hrs.o(.revsh_text), (4 bytes).
    Removing .\_build\ble_hrs.o(.rrx_text), (6 bytes).
    Removing .\_build\ble_hrs.o(i.ble_hrs_body_sensor_location_set), (34 bytes).
    Removing .\_build\ble_hrs.o(i.ble_hrs_heart_rate_measurement_send), (92 bytes).
    Removing .\_build\ble_hrs.o(i.ble_hrs_init), (212 bytes).
    Removing .\_build\ble_hrs.o(i.ble_hrs_rr_interval_add), (54 bytes).
    Removing .\_build\ble_hrs.o(i.ble_hrs_rr_interval_buffer_is_full), (16 bytes).
    Removing .\_build\ble_hrs.o(i.ble_hrs_sensor_contact_detected_update), (6 bytes).
    Removing .\_build\ble_hrs.o(i.ble_hrs_sensor_contact_supported_set), (20 bytes).
    Removing .\_build\ble_hrs.o(i.hrm_encode), (152 bytes).
    Removing .\_build\ble_sc_ctrlpt.o(.rev16_text), (4 bytes).
    Removing .\_build\ble_sc_ctrlpt.o(.revsh_text), (4 bytes).
    Removing .\_build\ble_sc_ctrlpt.o(.rrx_text), (6 bytes).
    Removing .\_build\nrf_crypto_aead.o(.rev16_text), (4 bytes).
    Removing .\_build\nrf_crypto_aead.o(.revsh_text), (4 bytes).
    Removing .\_build\nrf_crypto_aead.o(.rrx_text), (6 bytes).
    Removing .\_build\nrf_crypto_aead.o(i.context_verify), (32 bytes).
    Removing .\_build\nrf_crypto_aead.o(i.nrf_crypto_aead_crypt), (126 bytes).
    Removing .\_build\nrf_crypto_aead.o(i.nrf_crypto_aead_init), (64 bytes).
    Removing .\_build\nrf_crypto_aead.o(i.nrf_crypto_aead_uninit), (26 bytes).
    Removing .\_build\nrf_crypto_aes.o(.rev16_text), (4 bytes).
    Removing .\_build\nrf_crypto_aes.o(.revsh_text), (4 bytes).
    Removing .\_build\nrf_crypto_aes.o(.rrx_text), (6 bytes).
    Removing .\_build\nrf_crypto_aes_shared.o(.rev16_text), (4 bytes).
    Removing .\_build\nrf_crypto_aes_shared.o(.revsh_text), (4 bytes).
    Removing .\_build\nrf_crypto_aes_shared.o(.rrx_text), (6 bytes).
    Removing .\_build\nrf_crypto_aes_shared.o(i.padding_pkcs7_add), (54 bytes).
    Removing .\_build\nrf_crypto_aes_shared.o(i.padding_pkcs7_remove), (76 bytes).
    Removing .\_build\nrf_crypto_ecc.o(.rev16_text), (4 bytes).
    Removing .\_build\nrf_crypto_ecc.o(.revsh_text), (4 bytes).
    Removing .\_build\nrf_crypto_ecc.o(.rrx_text), (6 bytes).
    Removing .\_build\nrf_crypto_ecc.o(i.nrf_crypto_ecc_curve_info_get), (48 bytes).
    Removing .\_build\nrf_crypto_ecc.o(i.nrf_crypto_ecc_private_key_free), (44 bytes).
    Removing .\_build\nrf_crypto_ecc.o(i.nrf_crypto_ecc_private_key_from_raw), (72 bytes).
    Removing .\_build\nrf_crypto_ecc.o(i.nrf_crypto_ecc_private_key_to_raw), (68 bytes).
    Removing .\_build\nrf_crypto_ecc.o(i.nrf_crypto_ecc_public_key_calculate), (128 bytes).
    Removing .\_build\nrf_crypto_ecc.o(i.nrf_crypto_ecc_public_key_free), (44 bytes).
    Removing .\_build\nrf_crypto_ecdh.o(.rev16_text), (4 bytes).
    Removing .\_build\nrf_crypto_ecdh.o(.revsh_text), (4 bytes).
    Removing .\_build\nrf_crypto_ecdh.o(.rrx_text), (6 bytes).
    Removing .\_build\nrf_crypto_ecdsa.o(.rev16_text), (4 bytes).
    Removing .\_build\nrf_crypto_ecdsa.o(.revsh_text), (4 bytes).
    Removing .\_build\nrf_crypto_ecdsa.o(.rrx_text), (6 bytes).
    Removing .\_build\nrf_crypto_ecdsa.o(i.nrf_crypto_ecdsa_sign), (148 bytes).
    Removing .\_build\nrf_crypto_ecdsa.o(i.nrf_crypto_ecdsa_verify), (148 bytes).
    Removing .\_build\nrf_crypto_ecdsa.o(.constdata), (24 bytes).
    Removing .\_build\nrf_crypto_eddsa.o(.rev16_text), (4 bytes).
    Removing .\_build\nrf_crypto_eddsa.o(.revsh_text), (4 bytes).
    Removing .\_build\nrf_crypto_eddsa.o(.rrx_text), (6 bytes).
    Removing .\_build\nrf_crypto_eddsa.o(i.nrf_crypto_eddsa_sign), (92 bytes).
    Removing .\_build\nrf_crypto_eddsa.o(i.nrf_crypto_eddsa_verify), (92 bytes).
    Removing .\_build\nrf_crypto_error.o(.rev16_text), (4 bytes).
    Removing .\_build\nrf_crypto_error.o(.revsh_text), (4 bytes).
    Removing .\_build\nrf_crypto_error.o(.rrx_text), (6 bytes).
    Removing .\_build\nrf_crypto_error.o(i.nrf_crypto_error_string_get), (96 bytes).
    Removing .\_build\nrf_crypto_error.o(.constdata), (200 bytes).
    Removing .\_build\nrf_crypto_error.o(.conststring), (1392 bytes).
    Removing .\_build\nrf_crypto_hash.o(.rev16_text), (4 bytes).
    Removing .\_build\nrf_crypto_hash.o(.revsh_text), (4 bytes).
    Removing .\_build\nrf_crypto_hash.o(.rrx_text), (6 bytes).
    Removing .\_build\nrf_crypto_hash.o(i.nrf_crypto_hash_calculate), (54 bytes).
    Removing .\_build\nrf_crypto_hash.o(i.nrf_crypto_hash_finalize), (54 bytes).
    Removing .\_build\nrf_crypto_hash.o(i.nrf_crypto_hash_init), (44 bytes).
    Removing .\_build\nrf_crypto_hash.o(i.nrf_crypto_hash_update), (46 bytes).
    Removing .\_build\nrf_crypto_hash.o(i.verify_context), (32 bytes).
    Removing .\_build\nrf_crypto_hkdf.o(.rev16_text), (4 bytes).
    Removing .\_build\nrf_crypto_hkdf.o(.revsh_text), (4 bytes).
    Removing .\_build\nrf_crypto_hkdf.o(.rrx_text), (6 bytes).
    Removing .\_build\nrf_crypto_hkdf.o(i.hkdf_expand), (176 bytes).
    Removing .\_build\nrf_crypto_hkdf.o(i.nrf_crypto_hkdf_calculate), (310 bytes).
    Removing .\_build\nrf_crypto_hmac.o(.rev16_text), (4 bytes).
    Removing .\_build\nrf_crypto_hmac.o(.revsh_text), (4 bytes).
    Removing .\_build\nrf_crypto_hmac.o(.rrx_text), (6 bytes).
    Removing .\_build\nrf_crypto_hmac.o(i.nrf_crypto_hmac_calculate), (106 bytes).
    Removing .\_build\nrf_crypto_hmac.o(i.nrf_crypto_hmac_finalize), (54 bytes).
    Removing .\_build\nrf_crypto_hmac.o(i.nrf_crypto_hmac_init), (80 bytes).
    Removing .\_build\nrf_crypto_hmac.o(i.nrf_crypto_hmac_update), (48 bytes).
    Removing .\_build\nrf_crypto_hmac.o(i.verify_context_valid), (32 bytes).
    Removing .\_build\nrf_crypto_init.o(.rev16_text), (4 bytes).
    Removing .\_build\nrf_crypto_init.o(.revsh_text), (4 bytes).
    Removing .\_build\nrf_crypto_init.o(.rrx_text), (6 bytes).
    Removing .\_build\nrf_crypto_init.o(i.nrf_crypto_is_initialized), (20 bytes).
    Removing .\_build\nrf_crypto_init.o(i.nrf_crypto_uninit), (56 bytes).
    Removing .\_build\nrf_crypto_rng.o(.rev16_text), (4 bytes).
    Removing .\_build\nrf_crypto_rng.o(.revsh_text), (4 bytes).
    Removing .\_build\nrf_crypto_rng.o(.rrx_text), (6 bytes).
    Removing .\_build\nrf_crypto_rng.o(i.nrf_crypto_rng_vector_generate_in_range_no_mutex), (12 bytes).
    Removing .\_build\nrf_crypto_rng.o(i.nrf_crypto_rng_vector_generate_no_mutex), (6 bytes).
    Removing .\_build\nrf_crypto_rng.o(.data), (4 bytes).
    Removing .\_build\nrf_crypto_shared.o(.rev16_text), (4 bytes).
    Removing .\_build\nrf_crypto_shared.o(.revsh_text), (4 bytes).
    Removing .\_build\nrf_crypto_shared.o(.rrx_text), (6 bytes).
    Removing .\_build\nrf_crypto_shared.o(i.nrf_crypto_internal_double_swap_endian), (26 bytes).
    Removing .\_build\nrf_crypto_shared.o(i.nrf_crypto_internal_double_swap_endian_in_place), (22 bytes).
    Removing .\_build\nrf_crypto_shared.o(i.nrf_crypto_internal_swap_endian), (22 bytes).
    Removing .\_build\nrf_crypto_shared.o(i.nrf_crypto_internal_swap_endian_in_place), (24 bytes).
    Removing .\_build\oberon_backend_chacha_poly_aead.o(.rev16_text), (4 bytes).
    Removing .\_build\oberon_backend_chacha_poly_aead.o(.revsh_text), (4 bytes).
    Removing .\_build\oberon_backend_chacha_poly_aead.o(.rrx_text), (6 bytes).
    Removing .\_build\oberon_backend_chacha_poly_aead.o(i.backend_cc310_crypt), (128 bytes).
    Removing .\_build\oberon_backend_chacha_poly_aead.o(i.backend_cc310_init), (30 bytes).
    Removing .\_build\oberon_backend_chacha_poly_aead.o(i.backend_cc310_uninit), (4 bytes).
    Removing .\_build\oberon_backend_chacha_poly_aead.o(.constdata), (16 bytes).
    Removing .\_build\oberon_backend_ecc.o(.rev16_text), (4 bytes).
    Removing .\_build\oberon_backend_ecc.o(.revsh_text), (4 bytes).
    Removing .\_build\oberon_backend_ecc.o(.rrx_text), (6 bytes).
    Removing .\_build\oberon_backend_ecc.o(.constdata), (12 bytes).
    Removing .\_build\oberon_backend_ecc.o(.constdata), (12 bytes).
    Removing .\_build\oberon_backend_ecdh.o(.rev16_text), (4 bytes).
    Removing .\_build\oberon_backend_ecdh.o(.revsh_text), (4 bytes).
    Removing .\_build\oberon_backend_ecdh.o(.rrx_text), (6 bytes).
    Removing .\_build\oberon_backend_ecdsa.o(.rev16_text), (4 bytes).
    Removing .\_build\oberon_backend_ecdsa.o(.revsh_text), (4 bytes).
    Removing .\_build\oberon_backend_ecdsa.o(.rrx_text), (6 bytes).
    Removing .\_build\oberon_backend_ecdsa.o(i.nrf_crypto_backend_secp256r1_sign), (56 bytes).
    Removing .\_build\oberon_backend_ecdsa.o(i.nrf_crypto_backend_secp256r1_verify), (36 bytes).
    Removing .\_build\oberon_backend_eddsa.o(.rev16_text), (4 bytes).
    Removing .\_build\oberon_backend_eddsa.o(.revsh_text), (4 bytes).
    Removing .\_build\oberon_backend_eddsa.o(.rrx_text), (6 bytes).
    Removing .\_build\oberon_backend_eddsa.o(i.nrf_crypto_backend_ed25519_sign), (30 bytes).
    Removing .\_build\oberon_backend_eddsa.o(i.nrf_crypto_backend_ed25519_verify), (30 bytes).
    Removing .\_build\oberon_backend_hash.o(.rev16_text), (4 bytes).
    Removing .\_build\oberon_backend_hash.o(.revsh_text), (4 bytes).
    Removing .\_build\oberon_backend_hash.o(.rrx_text), (6 bytes).
    Removing .\_build\oberon_backend_hash.o(i.oberon_backend_hash_sha256_finalize), (18 bytes).
    Removing .\_build\oberon_backend_hash.o(i.oberon_backend_hash_sha256_init), (12 bytes).
    Removing .\_build\oberon_backend_hash.o(i.oberon_backend_hash_sha256_update), (12 bytes).
    Removing .\_build\oberon_backend_hash.o(i.oberon_backend_hash_sha512_finalize), (18 bytes).
    Removing .\_build\oberon_backend_hash.o(i.oberon_backend_hash_sha512_init), (12 bytes).
    Removing .\_build\oberon_backend_hash.o(i.oberon_backend_hash_sha512_update), (12 bytes).
    Removing .\_build\oberon_backend_hash.o(.constdata), (24 bytes).
    Removing .\_build\oberon_backend_hash.o(.constdata), (24 bytes).
    Removing .\_build\oberon_backend_hmac.o(.rev16_text), (4 bytes).
    Removing .\_build\oberon_backend_hmac.o(.revsh_text), (4 bytes).
    Removing .\_build\oberon_backend_hmac.o(.rrx_text), (6 bytes).
    Removing .\_build\oberon_backend_hmac.o(i.oberon_backend_hmac_finalize_sha256), (22 bytes).
    Removing .\_build\oberon_backend_hmac.o(i.oberon_backend_hmac_finalize_sha512), (22 bytes).
    Removing .\_build\oberon_backend_hmac.o(i.oberon_backend_hmac_init_sha256), (12 bytes).
    Removing .\_build\oberon_backend_hmac.o(i.oberon_backend_hmac_init_sha512), (12 bytes).
    Removing .\_build\oberon_backend_hmac.o(i.oberon_backend_hmac_update_sha256), (12 bytes).
    Removing .\_build\oberon_backend_hmac.o(i.oberon_backend_hmac_update_sha512), (12 bytes).
    Removing .\_build\oberon_backend_hmac.o(.constdata), (24 bytes).
    Removing .\_build\oberon_backend_hmac.o(.constdata), (24 bytes).
    Removing .\_build\nrf_hw_backend_init.o(.rev16_text), (4 bytes).
    Removing .\_build\nrf_hw_backend_init.o(.revsh_text), (4 bytes).
    Removing .\_build\nrf_hw_backend_init.o(.rrx_text), (6 bytes).
    Removing .\_build\nrf_hw_backend_rng.o(.rev16_text), (4 bytes).
    Removing .\_build\nrf_hw_backend_rng.o(.revsh_text), (4 bytes).
    Removing .\_build\nrf_hw_backend_rng.o(.rrx_text), (6 bytes).
    Removing .\_build\nrf_hw_backend_rng_mbedtls.o(.rev16_text), (4 bytes).
    Removing .\_build\nrf_hw_backend_rng_mbedtls.o(.revsh_text), (4 bytes).
    Removing .\_build\nrf_hw_backend_rng_mbedtls.o(.rrx_text), (6 bytes).
    Removing .\_build\nrf_drv_clock.o(.rev16_text), (4 bytes).
    Removing .\_build\nrf_drv_clock.o(.revsh_text), (4 bytes).
    Removing .\_build\nrf_drv_clock.o(.rrx_text), (6 bytes).
    Removing .\_build\nrf_drv_clock.o(i.item_enqueue), (22 bytes).
    Removing .\_build\nrf_drv_clock.o(i.nrf_drv_clock_calibration_abort), (4 bytes).
    Removing .\_build\nrf_drv_clock.o(i.nrf_drv_clock_calibration_start), (4 bytes).
    Removing .\_build\nrf_drv_clock.o(i.nrf_drv_clock_hfclk_is_running), (44 bytes).
    Removing .\_build\nrf_drv_clock.o(i.nrf_drv_clock_hfclk_release), (56 bytes).
    Removing .\_build\nrf_drv_clock.o(i.nrf_drv_clock_hfclk_request), (92 bytes).
    Removing .\_build\nrf_drv_clock.o(i.nrf_drv_clock_init_check), (12 bytes).
    Removing .\_build\nrf_drv_clock.o(i.nrf_drv_clock_is_calibrating), (4 bytes).
    Removing .\_build\nrf_drv_clock.o(i.nrf_drv_clock_lfclk_is_running), (28 bytes).
    Removing .\_build\nrf_drv_clock.o(i.nrf_drv_clock_lfclk_request), (84 bytes).
    Removing .\_build\nrf_drv_clock.o(i.nrf_drv_clock_uninit), (24 bytes).
    Removing .\_build\nrf_drv_clock.o(.constdata), (19 bytes).
    Removing .\_build\nrf_drv_clock.o(.constdata), (32 bytes).
    Removing .\_build\nrf_drv_clock.o(.constdata), (32 bytes).
    Removing .\_build\nrf_drv_clock.o(.constdata), (29 bytes).
    Removing .\_build\nrf_drv_rng.o(.rev16_text), (4 bytes).
    Removing .\_build\nrf_drv_rng.o(.revsh_text), (4 bytes).
    Removing .\_build\nrf_drv_rng.o(.rrx_text), (6 bytes).
    Removing .\_build\nrf_drv_rng.o(i.nrf_drv_rng_bytes_available), (32 bytes).
    Removing .\_build\nrf_drv_rng.o(.constdata), (28 bytes).
    Removing .\_build\nrf_drv_rng.o(.constdata), (17 bytes).
    Removing .\_build\nrf_drv_uart.o(.rev16_text), (4 bytes).
    Removing .\_build\nrf_drv_uart.o(.revsh_text), (4 bytes).
    Removing .\_build\nrf_drv_uart.o(.rrx_text), (6 bytes).
    Removing .\_build\nrfx_atomic.o(.rev16_text), (4 bytes).
    Removing .\_build\nrfx_atomic.o(.revsh_text), (4 bytes).
    Removing .\_build\nrfx_atomic.o(.rrx_text), (6 bytes).
    Removing .\_build\nrfx_atomic.o(.emb_text), (226 bytes).
    Removing .\_build\nrfx_atomic.o(i.nrfx_atomic_flag_clear), (6 bytes).
    Removing .\_build\nrfx_atomic.o(i.nrfx_atomic_flag_clear_fetch), (6 bytes).
    Removing .\_build\nrfx_atomic.o(i.nrfx_atomic_flag_set), (6 bytes).
    Removing .\_build\nrfx_atomic.o(i.nrfx_atomic_flag_set_fetch), (6 bytes).
    Removing .\_build\nrfx_atomic.o(i.nrfx_atomic_u32_add), (12 bytes).
    Removing .\_build\nrfx_atomic.o(i.nrfx_atomic_u32_and), (12 bytes).
    Removing .\_build\nrfx_atomic.o(i.nrfx_atomic_u32_cmp_exch), (4 bytes).
    Removing .\_build\nrfx_atomic.o(i.nrfx_atomic_u32_fetch_add), (10 bytes).
    Removing .\_build\nrfx_atomic.o(i.nrfx_atomic_u32_fetch_and), (10 bytes).
    Removing .\_build\nrfx_atomic.o(i.nrfx_atomic_u32_fetch_or), (10 bytes).
    Removing .\_build\nrfx_atomic.o(i.nrfx_atomic_u32_fetch_store), (10 bytes).
    Removing .\_build\nrfx_atomic.o(i.nrfx_atomic_u32_fetch_sub), (10 bytes).
    Removing .\_build\nrfx_atomic.o(i.nrfx_atomic_u32_fetch_sub_hs), (10 bytes).
    Removing .\_build\nrfx_atomic.o(i.nrfx_atomic_u32_fetch_xor), (10 bytes).
    Removing .\_build\nrfx_atomic.o(i.nrfx_atomic_u32_or), (12 bytes).
    Removing .\_build\nrfx_atomic.o(i.nrfx_atomic_u32_store), (12 bytes).
    Removing .\_build\nrfx_atomic.o(i.nrfx_atomic_u32_sub), (12 bytes).
    Removing .\_build\nrfx_atomic.o(i.nrfx_atomic_u32_sub_hs), (12 bytes).
    Removing .\_build\nrfx_atomic.o(i.nrfx_atomic_u32_xor), (12 bytes).
    Removing .\_build\nrfx_clock.o(.rev16_text), (4 bytes).
    Removing .\_build\nrfx_clock.o(.revsh_text), (4 bytes).
    Removing .\_build\nrfx_clock.o(.rrx_text), (6 bytes).
    Removing .\_build\nrfx_clock.o(i.nrfx_clock_calibration_start), (4 bytes).
    Removing .\_build\nrfx_clock.o(i.nrfx_clock_calibration_timer_start), (2 bytes).
    Removing .\_build\nrfx_clock.o(i.nrfx_clock_calibration_timer_stop), (2 bytes).
    Removing .\_build\nrfx_clock.o(i.nrfx_clock_disable), (22 bytes).
    Removing .\_build\nrfx_clock.o(i.nrfx_clock_hfclk_start), (22 bytes).
    Removing .\_build\nrfx_clock.o(i.nrfx_clock_hfclk_stop), (44 bytes).
    Removing .\_build\nrfx_clock.o(i.nrfx_clock_is_calibrating), (4 bytes).
    Removing .\_build\nrfx_clock.o(i.nrfx_clock_lfclk_start), (76 bytes).
    Removing .\_build\nrfx_clock.o(i.nrfx_clock_uninit), (24 bytes).
    Removing .\_build\nrfx_clock.o(.constdata), (16 bytes).
    Removing .\_build\nrfx_clock.o(.constdata), (29 bytes).
    Removing .\_build\nrfx_gpiote.o(.rev16_text), (4 bytes).
    Removing .\_build\nrfx_gpiote.o(.revsh_text), (4 bytes).
    Removing .\_build\nrfx_gpiote.o(.rrx_text), (6 bytes).
    Removing .\_build\nrfx_gpiote.o(i.nrf_gpio_cfg_default), (18 bytes).
    Removing .\_build\nrfx_gpiote.o(i.nrfx_gpiote_clr_task_addr_get), (24 bytes).
    Removing .\_build\nrfx_gpiote.o(i.nrfx_gpiote_clr_task_trigger), (28 bytes).
    Removing .\_build\nrfx_gpiote.o(i.nrfx_gpiote_in_event_addr_get), (40 bytes).
    Removing .\_build\nrfx_gpiote.o(i.nrfx_gpiote_in_event_disable), (72 bytes).
    Removing .\_build\nrfx_gpiote.o(i.nrfx_gpiote_in_uninit), (88 bytes).
    Removing .\_build\nrfx_gpiote.o(i.nrfx_gpiote_out_clear), (14 bytes).
    Removing .\_build\nrfx_gpiote.o(i.nrfx_gpiote_out_init), (192 bytes).
    Removing .\_build\nrfx_gpiote.o(i.nrfx_gpiote_out_set), (14 bytes).
    Removing .\_build\nrfx_gpiote.o(i.nrfx_gpiote_out_task_addr_get), (20 bytes).
    Removing .\_build\nrfx_gpiote.o(i.nrfx_gpiote_out_task_disable), (36 bytes).
    Removing .\_build\nrfx_gpiote.o(i.nrfx_gpiote_out_task_enable), (36 bytes).
    Removing .\_build\nrfx_gpiote.o(i.nrfx_gpiote_out_task_force), (40 bytes).
    Removing .\_build\nrfx_gpiote.o(i.nrfx_gpiote_out_task_trigger), (24 bytes).
    Removing .\_build\nrfx_gpiote.o(i.nrfx_gpiote_out_toggle), (28 bytes).
    Removing .\_build\nrfx_gpiote.o(i.nrfx_gpiote_out_uninit), (88 bytes).
    Removing .\_build\nrfx_gpiote.o(i.nrfx_gpiote_set_task_addr_get), (24 bytes).
    Removing .\_build\nrfx_gpiote.o(i.nrfx_gpiote_set_task_trigger), (28 bytes).
    Removing .\_build\nrfx_gpiote.o(i.nrfx_gpiote_uninit), (56 bytes).
    Removing .\_build\nrfx_gpiote.o(i.pin_configured_check), (20 bytes).
    Removing .\_build\nrfx_gpiote.o(i.pin_configured_clear), (28 bytes).
    Removing .\_build\nrfx_gpiote.o(.constdata), (17 bytes).
    Removing .\_build\nrfx_gpiote.o(.constdata), (21 bytes).
    Removing .\_build\nrfx_gpiote.o(.constdata), (20 bytes).
    Removing .\_build\nrfx_prs.o(.rev16_text), (4 bytes).
    Removing .\_build\nrfx_prs.o(.revsh_text), (4 bytes).
    Removing .\_build\nrfx_prs.o(.rrx_text), (6 bytes).
    Removing .\_build\nrfx_prs.o(.constdata), (17 bytes).
    Removing .\_build\nrfx_rng.o(.rev16_text), (4 bytes).
    Removing .\_build\nrfx_rng.o(.revsh_text), (4 bytes).
    Removing .\_build\nrfx_rng.o(.rrx_text), (6 bytes).
    Removing .\_build\nrfx_uart.o(.rev16_text), (4 bytes).
    Removing .\_build\nrfx_uart.o(.revsh_text), (4 bytes).
    Removing .\_build\nrfx_uart.o(.rrx_text), (6 bytes).
    Removing .\_build\nrfx_uart.o(i.nrfx_uart_errorsrc_get), (26 bytes).
    Removing .\_build\nrfx_uart.o(i.nrfx_uart_rx), (236 bytes).
    Removing .\_build\nrfx_uart.o(i.nrfx_uart_rx_abort), (18 bytes).
    Removing .\_build\nrfx_uart.o(i.nrfx_uart_rx_disable), (36 bytes).
    Removing .\_build\nrfx_uart.o(i.nrfx_uart_rx_enable), (60 bytes).
    Removing .\_build\nrfx_uart.o(i.nrfx_uart_rx_ready), (14 bytes).
    Removing .\_build\nrfx_uart.o(i.nrfx_uart_tx_abort), (48 bytes).
    Removing .\_build\nrfx_uart.o(i.rx_enable), (32 bytes).
    Removing .\_build\nrfx_uart.o(.constdata), (15 bytes).
    Removing .\_build\nrfx_uart.o(.constdata), (13 bytes).
    Removing .\_build\nrfx_uart.o(.constdata), (13 bytes).
    Removing .\_build\nrfx_uarte.o(.rev16_text), (4 bytes).
    Removing .\_build\nrfx_uarte.o(.revsh_text), (4 bytes).
    Removing .\_build\nrfx_uarte.o(.rrx_text), (6 bytes).
    Removing .\_build\nrfx_uarte.o(i.nrfx_uarte_errorsrc_get), (26 bytes).
    Removing .\_build\nrfx_uarte.o(i.nrfx_uarte_rx), (260 bytes).
    Removing .\_build\nrfx_uarte.o(i.nrfx_uarte_rx_abort), (44 bytes).
    Removing .\_build\nrfx_uarte.o(i.nrfx_uarte_rx_ready), (14 bytes).
    Removing .\_build\nrfx_uarte.o(i.nrfx_uarte_tx_abort), (56 bytes).
    Removing .\_build\nrfx_uarte.o(.constdata), (16 bytes).
    Removing .\_build\nrfx_uarte.o(.constdata), (14 bytes).
    Removing .\_build\nrfx_uarte.o(.constdata), (14 bytes).
    Removing .\_build\nrfx_spim.o(.rev16_text), (4 bytes).
    Removing .\_build\nrfx_spim.o(.revsh_text), (4 bytes).
    Removing .\_build\nrfx_spim.o(.rrx_text), (6 bytes).
    Removing .\_build\nrfx_spim.o(i.nrfx_spim_abort), (48 bytes).
    Removing .\_build\nrfx_spim.o(i.nrfx_spim_end_event_get), (8 bytes).
    Removing .\_build\nrfx_spim.o(i.nrfx_spim_start_task_get), (6 bytes).
    Removing .\_build\nrfx_spim.o(.constdata), (15 bytes).
    Removing .\_build\nrfx_spim.o(.constdata), (10 bytes).
    Removing .\_build\nrfx_spim.o(.constdata), (15 bytes).
    Removing .\_build\nrf_drv_spi.o(.rev16_text), (4 bytes).
    Removing .\_build\nrf_drv_spi.o(.revsh_text), (4 bytes).
    Removing .\_build\nrf_drv_spi.o(.rrx_text), (6 bytes).
    Removing .\_build\nrfx_spi.o(.rev16_text), (4 bytes).
    Removing .\_build\nrfx_spi.o(.revsh_text), (4 bytes).
    Removing .\_build\nrfx_spi.o(.rrx_text), (6 bytes).
    Removing .\_build\nrfx_pwm.o(.rev16_text), (4 bytes).
    Removing .\_build\nrfx_pwm.o(.revsh_text), (4 bytes).
    Removing .\_build\nrfx_pwm.o(.rrx_text), (6 bytes).
    Removing .\_build\nrfx_pwm.o(i.nrfx_pwm_complex_playback), (92 bytes).
    Removing .\_build\nrfx_pwm.o(i.nrfx_pwm_is_stopped), (48 bytes).
    Removing .\_build\nrfx_pwm.o(i.nrfx_pwm_stop), (40 bytes).
    Removing .\_build\nrfx_pwm.o(i.nrfx_pwm_uninit), (52 bytes).
    Removing .\_build\nrfx_pwm.o(.constdata), (14 bytes).
    Removing .\_build\nrfx_pwm.o(.constdata), (25 bytes).
    Removing .\_build\nrfx_pwm.o(.constdata), (26 bytes).
    Removing .\_build\nrfx_pwm.o(.constdata), (14 bytes).
    Removing .\_build\nrfx_pwm.o(.constdata), (20 bytes).
    Removing .\_build\nrfx_saadc.o(.rev16_text), (4 bytes).
    Removing .\_build\nrfx_saadc.o(.revsh_text), (4 bytes).
    Removing .\_build\nrfx_saadc.o(.rrx_text), (6 bytes).
    Removing .\_build\nrfx_saadc.o(i.nrf_saadc_limit_int_get), (16 bytes).
    Removing .\_build\nrfx_saadc.o(i.nrfx_saadc_abort), (92 bytes).
    Removing .\_build\nrfx_saadc.o(i.nrfx_saadc_buffer_convert), (164 bytes).
    Removing .\_build\nrfx_saadc.o(i.nrfx_saadc_calibrate_offset), (52 bytes).
    Removing .\_build\nrfx_saadc.o(i.nrfx_saadc_channel_uninit), (68 bytes).
    Removing .\_build\nrfx_saadc.o(i.nrfx_saadc_is_busy), (16 bytes).
    Removing .\_build\nrfx_saadc.o(i.nrfx_saadc_limits_set), (128 bytes).
    Removing .\_build\nrfx_saadc.o(i.nrfx_saadc_sample), (44 bytes).
    Removing .\_build\nrfx_saadc.o(i.nrfx_saadc_sample_task_get), (28 bytes).
    Removing .\_build\nrfx_saadc.o(i.nrfx_saadc_uninit), (108 bytes).
    Removing .\_build\nrfx_saadc.o(.constdata), (16 bytes).
    Removing .\_build\nrfx_saadc.o(.constdata), (24 bytes).
    Removing .\_build\nrfx_saadc.o(.constdata), (26 bytes).
    Removing .\_build\nrfx_saadc.o(.constdata), (26 bytes).
    Removing .\_build\nrfx_saadc.o(.constdata), (26 bytes).
    Removing .\_build\nrfx_saadc.o(.constdata), (18 bytes).
    Removing .\_build\nrfx_saadc.o(.constdata), (28 bytes).
    Removing .\_build\nrfx_wdt.o(.rev16_text), (4 bytes).
    Removing .\_build\nrfx_wdt.o(.revsh_text), (4 bytes).
    Removing .\_build\nrfx_wdt.o(.rrx_text), (6 bytes).
    Removing .\_build\nrfx_wdt.o(i.nrfx_wdt_feed), (48 bytes).
    Removing .\_build\nrfx_wdt.o(.constdata), (14 bytes).
    Removing .\_build\nrfx_wdt.o(.constdata), (23 bytes).
    Removing .\_build\app_button.o(.rev16_text), (4 bytes).
    Removing .\_build\app_button.o(.revsh_text), (4 bytes).
    Removing .\_build\app_button.o(.rrx_text), (6 bytes).
    Removing .\_build\app_button.o(i.app_button_disable), (72 bytes).
    Removing .\_build\app_button.o(i.app_button_is_pushed), (36 bytes).
    Removing .\_build\app_error.o(.rev16_text), (4 bytes).
    Removing .\_build\app_error.o(.revsh_text), (4 bytes).
    Removing .\_build\app_error.o(.rrx_text), (6 bytes).
    Removing .\_build\app_error.o(i.app_error_handler_bare), (22 bytes).
    Removing .\_build\app_error_handler_keil.o(.rev16_text), (4 bytes).
    Removing .\_build\app_error_handler_keil.o(.revsh_text), (4 bytes).
    Removing .\_build\app_error_handler_keil.o(.rrx_text), (6 bytes).
    Removing .\_build\app_error_weak.o(.rev16_text), (4 bytes).
    Removing .\_build\app_error_weak.o(.revsh_text), (4 bytes).
    Removing .\_build\app_error_weak.o(.rrx_text), (6 bytes).
    Removing .\_build\app_scheduler.o(.rev16_text), (4 bytes).
    Removing .\_build\app_scheduler.o(.revsh_text), (4 bytes).
    Removing .\_build\app_scheduler.o(.rrx_text), (6 bytes).
    Removing .\_build\app_scheduler.o(i.app_sched_event_put), (160 bytes).
    Removing .\_build\app_scheduler.o(i.app_sched_execute), (64 bytes).
    Removing .\_build\app_scheduler.o(i.app_sched_init), (44 bytes).
    Removing .\_build\app_scheduler.o(i.app_sched_queue_space_get), (36 bytes).
    Removing .\_build\app_scheduler.o(.data), (16 bytes).
    Removing .\_build\app_timer2.o(.rev16_text), (4 bytes).
    Removing .\_build\app_timer2.o(.revsh_text), (4 bytes).
    Removing .\_build\app_timer2.o(.rrx_text), (6 bytes).
    Removing .\_build\app_timer2.o(i.app_timer_pause), (12 bytes).
    Removing .\_build\app_timer2.o(i.app_timer_resume), (12 bytes).
    Removing .\_build\app_timer2.o(i.app_timer_stop_all), (20 bytes).
    Removing .\_build\app_util_platform.o(.rev16_text), (4 bytes).
    Removing .\_build\app_util_platform.o(.revsh_text), (4 bytes).
    Removing .\_build\app_util_platform.o(.rrx_text), (6 bytes).
    Removing .\_build\app_util_platform.o(i.app_util_disable_irq), (16 bytes).
    Removing .\_build\app_util_platform.o(i.app_util_enable_irq), (20 bytes).
    Removing .\_build\app_util_platform.o(i.current_int_priority_get), (48 bytes).
    Removing .\_build\app_util_platform.o(i.privilege_level_get), (26 bytes).
    Removing .\_build\app_util_platform.o(.data), (4 bytes).
    Removing .\_build\crc16.o(.rev16_text), (4 bytes).
    Removing .\_build\crc16.o(.revsh_text), (4 bytes).
    Removing .\_build\crc16.o(.rrx_text), (6 bytes).
    Removing .\_build\crc16.o(i.crc16_compute), (54 bytes).
    Removing .\_build\drv_rtc.o(.rev16_text), (4 bytes).
    Removing .\_build\drv_rtc.o(.revsh_text), (4 bytes).
    Removing .\_build\drv_rtc.o(.rrx_text), (6 bytes).
    Removing .\_build\drv_rtc.o(i.drv_rtc_compare_enable), (12 bytes).
    Removing .\_build\drv_rtc.o(i.drv_rtc_overflow_disable), (16 bytes).
    Removing .\_build\drv_rtc.o(i.drv_rtc_tick_disable), (16 bytes).
    Removing .\_build\drv_rtc.o(i.drv_rtc_tick_enable), (8 bytes).
    Removing .\_build\drv_rtc.o(i.drv_rtc_tick_pending), (8 bytes).
    Removing .\_build\drv_rtc.o(i.drv_rtc_uninit), (116 bytes).
    Removing .\_build\fds.o(.rev16_text), (4 bytes).
    Removing .\_build\fds.o(.revsh_text), (4 bytes).
    Removing .\_build\fds.o(.rrx_text), (6 bytes).
    Removing .\_build\fds.o(i.fds_descriptor_from_rec_id), (20 bytes).
    Removing .\_build\fds.o(i.fds_record_delete), (68 bytes).
    Removing .\_build\fds.o(i.fds_record_iterate), (12 bytes).
    Removing .\_build\fds.o(i.fds_record_write_reserved), (14 bytes).
    Removing .\_build\fds.o(i.fds_reserve), (52 bytes).
    Removing .\_build\fds.o(i.fds_reserve_cancel), (76 bytes).
    Removing .\_build\hardfault_implementation.o(.rev16_text), (4 bytes).
    Removing .\_build\hardfault_implementation.o(.revsh_text), (4 bytes).
    Removing .\_build\hardfault_implementation.o(.rrx_text), (6 bytes).
    Removing .\_build\mem_manager.o(.rev16_text), (4 bytes).
    Removing .\_build\mem_manager.o(.revsh_text), (4 bytes).
    Removing .\_build\mem_manager.o(.rrx_text), (6 bytes).
    Removing .\_build\mem_manager.o(i.block_init), (32 bytes).
    Removing .\_build\mem_manager.o(i.get_block_cat), (60 bytes).
    Removing .\_build\mem_manager.o(i.get_block_size), (24 bytes).
    Removing .\_build\mem_manager.o(i.nrf_calloc), (36 bytes).
    Removing .\_build\mem_manager.o(i.nrf_free), (40 bytes).
    Removing .\_build\mem_manager.o(i.nrf_malloc), (24 bytes).
    Removing .\_build\mem_manager.o(i.nrf_mem_init), (24 bytes).
    Removing .\_build\mem_manager.o(i.nrf_mem_reserve), (128 bytes).
    Removing .\_build\mem_manager.o(i.nrf_realloc), (2 bytes).
    Removing .\_build\mem_manager.o(.bss), (32 bytes).
    Removing .\_build\mem_manager.o(.constdata), (112 bytes).
    Removing .\_build\mem_manager.o(.constdata), (13 bytes).
    Removing .\_build\mem_manager.o(.constdata), (16 bytes).
    Removing .\_build\mem_manager.o(.constdata), (11 bytes).
    Removing .\_build\mem_manager.o(.constdata), (9 bytes).
    Removing .\_build\mem_manager.o(.data), (8 bytes).
    Removing .\_build\nrf_assert.o(.rev16_text), (4 bytes).
    Removing .\_build\nrf_assert.o(.revsh_text), (4 bytes).
    Removing .\_build\nrf_assert.o(.rrx_text), (6 bytes).
    Removing .\_build\nrf_assert.o(i.assert_nrf_callback), (22 bytes).
    Removing .\_build\nrf_atfifo.o(.rev16_text), (4 bytes).
    Removing .\_build\nrf_atfifo.o(.revsh_text), (4 bytes).
    Removing .\_build\nrf_atfifo.o(.rrx_text), (6 bytes).
    Removing .\_build\nrf_atfifo.o(i.nrf_atfifo_alloc_put), (46 bytes).
    Removing .\_build\nrf_atfifo.o(i.nrf_atfifo_get_free), (48 bytes).
    Removing .\_build\nrf_atflags.o(.rev16_text), (4 bytes).
    Removing .\_build\nrf_atflags.o(.revsh_text), (4 bytes).
    Removing .\_build\nrf_atflags.o(.rrx_text), (6 bytes).
    Removing .\_build\nrf_atflags.o(i.nrf_atflags_fetch_clear), (32 bytes).
    Removing .\_build\nrf_atflags.o(i.nrf_atflags_find_and_clear_flag), (72 bytes).
    Removing .\_build\nrf_atflags.o(i.nrf_atflags_init), (36 bytes).
    Removing .\_build\nrf_atomic.o(.rev16_text), (4 bytes).
    Removing .\_build\nrf_atomic.o(.revsh_text), (4 bytes).
    Removing .\_build\nrf_atomic.o(.rrx_text), (6 bytes).
    Removing .\_build\nrf_atomic.o(i.nrf_atomic_flag_clear), (6 bytes).
    Removing .\_build\nrf_atomic.o(i.nrf_atomic_u32_cmp_exch), (4 bytes).
    Removing .\_build\nrf_atomic.o(i.nrf_atomic_u32_fetch_sub), (10 bytes).
    Removing .\_build\nrf_atomic.o(i.nrf_atomic_u32_fetch_sub_hs), (10 bytes).
    Removing .\_build\nrf_atomic.o(i.nrf_atomic_u32_fetch_xor), (10 bytes).
    Removing .\_build\nrf_atomic.o(i.nrf_atomic_u32_store), (12 bytes).
    Removing .\_build\nrf_atomic.o(i.nrf_atomic_u32_sub_hs), (12 bytes).
    Removing .\_build\nrf_atomic.o(i.nrf_atomic_u32_xor), (12 bytes).
    Removing .\_build\nrf_balloc.o(.rev16_text), (4 bytes).
    Removing .\_build\nrf_balloc.o(.revsh_text), (4 bytes).
    Removing .\_build\nrf_balloc.o(.rrx_text), (6 bytes).
    Removing .\_build\nrf_fprintf.o(.rev16_text), (4 bytes).
    Removing .\_build\nrf_fprintf.o(.revsh_text), (4 bytes).
    Removing .\_build\nrf_fprintf.o(.rrx_text), (6 bytes).
    Removing .\_build\nrf_fprintf_format.o(.rev16_text), (4 bytes).
    Removing .\_build\nrf_fprintf_format.o(.revsh_text), (4 bytes).
    Removing .\_build\nrf_fprintf_format.o(.rrx_text), (6 bytes).
    Removing .\_build\nrf_fstorage.o(.rev16_text), (4 bytes).
    Removing .\_build\nrf_fstorage.o(.revsh_text), (4 bytes).
    Removing .\_build\nrf_fstorage.o(.rrx_text), (6 bytes).
    Removing .\_build\nrf_fstorage.o(i.nrf_fstorage_rmap), (14 bytes).
    Removing .\_build\nrf_fstorage.o(i.nrf_fstorage_uninit), (156 bytes).
    Removing .\_build\nrf_fstorage.o(i.nrf_fstorage_wmap), (14 bytes).
    Removing .\_build\nrf_fstorage_sd.o(.rev16_text), (4 bytes).
    Removing .\_build\nrf_fstorage_sd.o(.revsh_text), (4 bytes).
    Removing .\_build\nrf_fstorage_sd.o(.rrx_text), (6 bytes).
    Removing .\_build\nrf_memobj.o(.rev16_text), (4 bytes).
    Removing .\_build\nrf_memobj.o(.revsh_text), (4 bytes).
    Removing .\_build\nrf_memobj.o(.rrx_text), (6 bytes).
    Removing .\_build\nrf_pwr_mgmt.o(.rev16_text), (4 bytes).
    Removing .\_build\nrf_pwr_mgmt.o(.revsh_text), (4 bytes).
    Removing .\_build\nrf_pwr_mgmt.o(.rrx_text), (6 bytes).
    Removing .\_build\nrf_queue.o(.rev16_text), (4 bytes).
    Removing .\_build\nrf_queue.o(.revsh_text), (4 bytes).
    Removing .\_build\nrf_queue.o(.rrx_text), (6 bytes).
    Removing .\_build\nrf_queue.o(i.nrf_queue_available_get), (14 bytes).
    Removing .\_build\nrf_queue.o(i.nrf_queue_generic_pop), (142 bytes).
    Removing .\_build\nrf_queue.o(i.nrf_queue_in), (70 bytes).
    Removing .\_build\nrf_queue.o(i.nrf_queue_is_empty), (18 bytes).
    Removing .\_build\nrf_queue.o(i.nrf_queue_max_utilization_get), (6 bytes).
    Removing .\_build\nrf_queue.o(i.nrf_queue_max_utilization_reset), (8 bytes).
    Removing .\_build\nrf_queue.o(i.nrf_queue_out), (58 bytes).
    Removing .\_build\nrf_queue.o(i.nrf_queue_utilization_get), (36 bytes).
    Removing .\_build\nrf_queue.o(i.nrf_queue_write), (68 bytes).
    Removing .\_build\nrf_queue.o(i.queue_write), (144 bytes).
    Removing .\_build\nrf_ringbuf.o(.rev16_text), (4 bytes).
    Removing .\_build\nrf_ringbuf.o(.revsh_text), (4 bytes).
    Removing .\_build\nrf_ringbuf.o(.rrx_text), (6 bytes).
    Removing .\_build\nrf_ringbuf.o(i.nrf_ringbuf_alloc), (112 bytes).
    Removing .\_build\nrf_ringbuf.o(i.nrf_ringbuf_cpy_get), (124 bytes).
    Removing .\_build\nrf_ringbuf.o(i.nrf_ringbuf_cpy_put), (114 bytes).
    Removing .\_build\nrf_ringbuf.o(i.nrf_ringbuf_free), (38 bytes).
    Removing .\_build\nrf_ringbuf.o(i.nrf_ringbuf_get), (112 bytes).
    Removing .\_build\nrf_ringbuf.o(i.nrf_ringbuf_put), (48 bytes).
    Removing .\_build\nrf_section_iter.o(.rev16_text), (4 bytes).
    Removing .\_build\nrf_section_iter.o(.revsh_text), (4 bytes).
    Removing .\_build\nrf_section_iter.o(.rrx_text), (6 bytes).
    Removing .\_build\nrf_sortlist.o(.rev16_text), (4 bytes).
    Removing .\_build\nrf_sortlist.o(.revsh_text), (4 bytes).
    Removing .\_build\nrf_sortlist.o(.rrx_text), (6 bytes).
    Removing .\_build\nrf_sortlist.o(i.nrf_sortlist_next), (4 bytes).
    Removing .\_build\nrf_strerror.o(.rev16_text), (4 bytes).
    Removing .\_build\nrf_strerror.o(.revsh_text), (4 bytes).
    Removing .\_build\nrf_strerror.o(.rrx_text), (6 bytes).
    Removing .\_build\nrf_log_backend_rtt.o(.rev16_text), (4 bytes).
    Removing .\_build\nrf_log_backend_rtt.o(.revsh_text), (4 bytes).
    Removing .\_build\nrf_log_backend_rtt.o(.rrx_text), (6 bytes).
    Removing .\_build\nrf_log_backend_serial.o(.rev16_text), (4 bytes).
    Removing .\_build\nrf_log_backend_serial.o(.revsh_text), (4 bytes).
    Removing .\_build\nrf_log_backend_serial.o(.rrx_text), (6 bytes).
    Removing .\_build\nrf_log_backend_uart.o(.rev16_text), (4 bytes).
    Removing .\_build\nrf_log_backend_uart.o(.revsh_text), (4 bytes).
    Removing .\_build\nrf_log_backend_uart.o(.rrx_text), (6 bytes).
    Removing .\_build\nrf_log_backend_uart.o(i.nrf_log_backend_uart_uninit), (12 bytes).
    Removing .\_build\nrf_log_default_backends.o(.rev16_text), (4 bytes).
    Removing .\_build\nrf_log_default_backends.o(.revsh_text), (4 bytes).
    Removing .\_build\nrf_log_default_backends.o(.rrx_text), (6 bytes).
    Removing .\_build\nrf_log_default_backends.o(i.nrf_log_default_backends_uninit), (4 bytes).
    Removing .\_build\nrf_log_frontend.o(.rev16_text), (4 bytes).
    Removing .\_build\nrf_log_frontend.o(.revsh_text), (4 bytes).
    Removing .\_build\nrf_log_frontend.o(.rrx_text), (6 bytes).
    Removing .\_build\nrf_log_frontend.o(i.module_idx_get), (48 bytes).
    Removing .\_build\nrf_log_frontend.o(i.nrf_log_backend_remove), (52 bytes).
    Removing .\_build\nrf_log_frontend.o(i.nrf_log_frontend_hexdump), (188 bytes).
    Removing .\_build\nrf_log_frontend.o(i.nrf_log_frontend_std_6), (28 bytes).
    Removing .\_build\nrf_log_frontend.o(i.nrf_log_module_cnt_get), (20 bytes).
    Removing .\_build\nrf_log_frontend.o(i.nrf_log_module_filter_get), (36 bytes).
    Removing .\_build\nrf_log_frontend.o(i.nrf_log_module_filter_set), (2 bytes).
    Removing .\_build\nrf_log_frontend.o(i.nrf_log_module_name_get), (28 bytes).
    Removing .\_build\nrf_log_frontend.o(i.nrf_log_push), (96 bytes).
    Removing .\_build\nrf_log_str_formatter.o(.rev16_text), (4 bytes).
    Removing .\_build\nrf_log_str_formatter.o(.revsh_text), (4 bytes).
    Removing .\_build\nrf_log_str_formatter.o(.rrx_text), (6 bytes).
    Removing .\_build\segger_rtt.o(.rev16_text), (4 bytes).
    Removing .\_build\segger_rtt.o(.revsh_text), (4 bytes).
    Removing .\_build\segger_rtt.o(.rrx_text), (6 bytes).
    Removing .\_build\segger_rtt.o(i.SEGGER_RTT_AllocDownBuffer), (112 bytes).
    Removing .\_build\segger_rtt.o(i.SEGGER_RTT_AllocUpBuffer), (112 bytes).
    Removing .\_build\segger_rtt.o(i.SEGGER_RTT_ConfigDownBuffer), (96 bytes).
    Removing .\_build\segger_rtt.o(i.SEGGER_RTT_ConfigUpBuffer), (96 bytes).
    Removing .\_build\segger_rtt.o(i.SEGGER_RTT_GetKey), (28 bytes).
    Removing .\_build\segger_rtt.o(i.SEGGER_RTT_HasData), (24 bytes).
    Removing .\_build\segger_rtt.o(i.SEGGER_RTT_HasKey), (32 bytes).
    Removing .\_build\segger_rtt.o(i.SEGGER_RTT_Init), (4 bytes).
    Removing .\_build\segger_rtt.o(i.SEGGER_RTT_PutChar), (96 bytes).
    Removing .\_build\segger_rtt.o(i.SEGGER_RTT_PutCharSkip), (84 bytes).
    Removing .\_build\segger_rtt.o(i.SEGGER_RTT_PutCharSkipNoLock), (52 bytes).
    Removing .\_build\segger_rtt.o(i.SEGGER_RTT_Read), (44 bytes).
    Removing .\_build\segger_rtt.o(i.SEGGER_RTT_ReadNoLock), (120 bytes).
    Removing .\_build\segger_rtt.o(i.SEGGER_RTT_SetFlagsDownBuffer), (68 bytes).
    Removing .\_build\segger_rtt.o(i.SEGGER_RTT_SetFlagsUpBuffer), (68 bytes).
    Removing .\_build\segger_rtt.o(i.SEGGER_RTT_SetNameDownBuffer), (68 bytes).
    Removing .\_build\segger_rtt.o(i.SEGGER_RTT_SetNameUpBuffer), (68 bytes).
    Removing .\_build\segger_rtt.o(i.SEGGER_RTT_SetTerminal), (136 bytes).
    Removing .\_build\segger_rtt.o(i.SEGGER_RTT_TerminalOut), (176 bytes).
    Removing .\_build\segger_rtt.o(i.SEGGER_RTT_WaitKey), (14 bytes).
    Removing .\_build\segger_rtt.o(i.SEGGER_RTT_Write), (60 bytes).
    Removing .\_build\segger_rtt.o(i.SEGGER_RTT_WriteNoLock), (92 bytes).
    Removing .\_build\segger_rtt.o(i.SEGGER_RTT_WriteSkipNoLock), (116 bytes).
    Removing .\_build\segger_rtt.o(i.SEGGER_RTT_WriteString), (26 bytes).
    Removing .\_build\segger_rtt.o(i.SEGGER_RTT_WriteWithOverwriteNoLock), (148 bytes).
    Removing .\_build\segger_rtt.o(i._DoInit), (104 bytes).
    Removing .\_build\segger_rtt.o(i._GetAvailWriteSpace), (22 bytes).
    Removing .\_build\segger_rtt.o(i._PostTerminalSwitch), (32 bytes).
    Removing .\_build\segger_rtt.o(i._WriteBlocking), (90 bytes).
    Removing .\_build\segger_rtt.o(i._WriteNoCheck), (66 bytes).
    Removing .\_build\segger_rtt.o(.bss), (648 bytes).
    Removing .\_build\segger_rtt.o(.data), (17 bytes).
    Removing .\_build\segger_rtt_syscalls_keil.o(.rev16_text), (4 bytes).
    Removing .\_build\segger_rtt_syscalls_keil.o(.revsh_text), (4 bytes).
    Removing .\_build\segger_rtt_syscalls_keil.o(.rrx_text), (6 bytes).
    Removing .\_build\segger_rtt_syscalls_keil.o(i._sys_close), (4 bytes).
    Removing .\_build\segger_rtt_syscalls_keil.o(i._sys_command_string), (2 bytes).
    Removing .\_build\segger_rtt_syscalls_keil.o(i._sys_ensure), (6 bytes).
    Removing .\_build\segger_rtt_syscalls_keil.o(i._sys_exit), (2 bytes).
    Removing .\_build\segger_rtt_syscalls_keil.o(i._sys_flen), (4 bytes).
    Removing .\_build\segger_rtt_syscalls_keil.o(i._sys_istty), (14 bytes).
    Removing .\_build\segger_rtt_syscalls_keil.o(i._sys_open), (44 bytes).
    Removing .\_build\segger_rtt_syscalls_keil.o(i._sys_read), (4 bytes).
    Removing .\_build\segger_rtt_syscalls_keil.o(i._sys_seek), (4 bytes).
    Removing .\_build\segger_rtt_syscalls_keil.o(i._sys_tmpnam), (4 bytes).
    Removing .\_build\segger_rtt_syscalls_keil.o(i._sys_write), (26 bytes).
    Removing .\_build\segger_rtt_syscalls_keil.o(i._ttywrch), (24 bytes).
    Removing .\_build\segger_rtt_syscalls_keil.o(.constdata), (14 bytes).
    Removing .\_build\segger_rtt_printf.o(.rev16_text), (4 bytes).
    Removing .\_build\segger_rtt_printf.o(.revsh_text), (4 bytes).
    Removing .\_build\segger_rtt_printf.o(.rrx_text), (6 bytes).
    Removing .\_build\segger_rtt_printf.o(i.SEGGER_RTT_printf), (22 bytes).
    Removing .\_build\segger_rtt_printf.o(i.SEGGER_RTT_vprintf), (406 bytes).
    Removing .\_build\segger_rtt_printf.o(i._PrintInt), (198 bytes).
    Removing .\_build\segger_rtt_printf.o(i._PrintUnsigned), (212 bytes).
    Removing .\_build\segger_rtt_printf.o(i._StoreChar), (62 bytes).
    Removing .\_build\segger_rtt_printf.o(.constdata), (16 bytes).
    Removing .\_build\nrf_sdh.o(.rev16_text), (4 bytes).
    Removing .\_build\nrf_sdh.o(.revsh_text), (4 bytes).
    Removing .\_build\nrf_sdh.o(.rrx_text), (6 bytes).
    Removing .\_build\nrf_sdh.o(i.nrf_sdh_is_suspended), (20 bytes).
    Removing .\_build\nrf_sdh.o(i.nrf_sdh_resume), (112 bytes).
    Removing .\_build\nrf_sdh.o(i.nrf_sdh_suspend), (24 bytes).
    Removing .\_build\nrf_sdh_ble.o(.rev16_text), (4 bytes).
    Removing .\_build\nrf_sdh_ble.o(.revsh_text), (4 bytes).
    Removing .\_build\nrf_sdh_ble.o(.rrx_text), (6 bytes).
    Removing .\_build\nrf_sdh_soc.o(.rev16_text), (4 bytes).
    Removing .\_build\nrf_sdh_soc.o(.revsh_text), (4 bytes).
    Removing .\_build\nrf_sdh_soc.o(.rrx_text), (6 bytes).
    Removing .\_build\nrf_sdh_ant.o(.rev16_text), (4 bytes).
    Removing .\_build\nrf_sdh_ant.o(.revsh_text), (4 bytes).
    Removing .\_build\nrf_sdh_ant.o(.rrx_text), (6 bytes).
    Removing .\_build\aes.o(i.mbedtls_aes_crypt_cbc), (150 bytes).
    Removing .\_build\aes.o(i.mbedtls_aes_crypt_cfb128), (120 bytes).
    Removing .\_build\aes.o(i.mbedtls_aes_crypt_cfb8), (98 bytes).
    Removing .\_build\aes.o(i.mbedtls_aes_crypt_ctr), (98 bytes).
    Removing .\_build\aes.o(i.mbedtls_aes_setkey_dec), (204 bytes).
    Removing .\_build\ctr_drbg.o(i.mbedtls_ctr_drbg_set_entropy_len), (4 bytes).
    Removing .\_build\ctr_drbg.o(i.mbedtls_ctr_drbg_set_prediction_resistance), (4 bytes).
    Removing .\_build\ctr_drbg.o(i.mbedtls_ctr_drbg_set_reseed_interval), (4 bytes).
    Removing .\_build\ctr_drbg.o(i.mbedtls_ctr_drbg_update), (38 bytes).
    Removing .\_build\ble_dfu.o(.rev16_text), (4 bytes).
    Removing .\_build\ble_dfu.o(.revsh_text), (4 bytes).
    Removing .\_build\ble_dfu.o(.rrx_text), (6 bytes).
    Removing .\_build\ble_dfu_bonded.o(.rev16_text), (4 bytes).
    Removing .\_build\ble_dfu_bonded.o(.revsh_text), (4 bytes).
    Removing .\_build\ble_dfu_bonded.o(.rrx_text), (6 bytes).
    Removing .\_build\ble_dfu_unbonded.o(.rev16_text), (4 bytes).
    Removing .\_build\ble_dfu_unbonded.o(.revsh_text), (4 bytes).
    Removing .\_build\ble_dfu_unbonded.o(.rrx_text), (6 bytes).
    Removing .\_build\nrf_dfu_svci.o(.rev16_text), (4 bytes).
    Removing .\_build\nrf_dfu_svci.o(.revsh_text), (4 bytes).
    Removing .\_build\nrf_dfu_svci.o(.rrx_text), (6 bytes).
    Removing .\_build\ant_channel_config.o(.rev16_text), (4 bytes).
    Removing .\_build\ant_channel_config.o(.revsh_text), (4 bytes).
    Removing .\_build\ant_channel_config.o(.rrx_text), (6 bytes).
    Removing .\_build\ant_hrm.o(.rev16_text), (4 bytes).
    Removing .\_build\ant_hrm.o(.revsh_text), (4 bytes).
    Removing .\_build\ant_hrm.o(.rrx_text), (6 bytes).
    Removing .\_build\ant_hrm.o(i.ant_hrm_disp_evt_handler), (44 bytes).
    Removing .\_build\ant_hrm.o(i.ant_hrm_disp_init), (6 bytes).
    Removing .\_build\ant_hrm.o(i.ant_hrm_disp_open), (8 bytes).
    Removing .\_build\ant_hrm.o(i.disp_message_decode), (160 bytes).
    Removing .\_build\ant_hrm_page_0.o(.rev16_text), (4 bytes).
    Removing .\_build\ant_hrm_page_0.o(.revsh_text), (4 bytes).
    Removing .\_build\ant_hrm_page_0.o(.rrx_text), (6 bytes).
    Removing .\_build\ant_hrm_page_0.o(i.ant_hrm_page_0_decode), (20 bytes).
    Removing .\_build\ant_hrm_page_1.o(.rev16_text), (4 bytes).
    Removing .\_build\ant_hrm_page_1.o(.revsh_text), (4 bytes).
    Removing .\_build\ant_hrm_page_1.o(.rrx_text), (6 bytes).
    Removing .\_build\ant_hrm_page_1.o(i.ant_hrm_page_1_decode), (14 bytes).
    Removing .\_build\ant_hrm_page_2.o(.rev16_text), (4 bytes).
    Removing .\_build\ant_hrm_page_2.o(.revsh_text), (4 bytes).
    Removing .\_build\ant_hrm_page_2.o(.rrx_text), (6 bytes).
    Removing .\_build\ant_hrm_page_2.o(i.ant_hrm_page_2_decode), (20 bytes).
    Removing .\_build\ant_hrm_page_3.o(.rev16_text), (4 bytes).
    Removing .\_build\ant_hrm_page_3.o(.revsh_text), (4 bytes).
    Removing .\_build\ant_hrm_page_3.o(.rrx_text), (6 bytes).
    Removing .\_build\ant_hrm_page_3.o(i.ant_hrm_page_3_decode), (18 bytes).
    Removing .\_build\ant_hrm_page_4.o(.rev16_text), (4 bytes).
    Removing .\_build\ant_hrm_page_4.o(.revsh_text), (4 bytes).
    Removing .\_build\ant_hrm_page_4.o(.rrx_text), (6 bytes).
    Removing .\_build\ant_hrm_page_4.o(i.ant_hrm_page_4_decode), (20 bytes).
    Removing .\_build\ant_key_manager.o(.rev16_text), (4 bytes).
    Removing .\_build\ant_key_manager.o(.revsh_text), (4 bytes).
    Removing .\_build\ant_key_manager.o(.rrx_text), (6 bytes).
    Removing .\_build\ant_key_manager.o(i.ant_custom_key_set), (4 bytes).
    Removing .\_build\ant_key_manager.o(i.ant_fs_key_set), (12 bytes).
    Removing .\_build\ant_state_indicator.o(.rev16_text), (4 bytes).
    Removing .\_build\ant_state_indicator.o(.revsh_text), (4 bytes).
    Removing .\_build\ant_state_indicator.o(.rrx_text), (6 bytes).
    Removing .\_build\ant_hrm_measurement.o(.rev16_text), (4 bytes).
    Removing .\_build\ant_hrm_measurement.o(.revsh_text), (4 bytes).
    Removing .\_build\ant_hrm_measurement.o(.rrx_text), (6 bytes).
    Removing .\_build\hr_measurement.o(i.hr_measurement_state_change), (4 bytes).
    Removing .\_build\system_nrf52.o(.rev16_text), (4 bytes).
    Removing .\_build\system_nrf52.o(.revsh_text), (4 bytes).
    Removing .\_build\system_nrf52.o(.rrx_text), (6 bytes).
    Removing .\_build\system_nrf52.o(i.SystemCoreClockUpdate), (16 bytes).
    Removing ..\..\external\nrf_oberon\lib\cortex-m4\hard-float\short-wchar\oberon_3.0.1.lib(ocrypto_ecdh_p256.c.obj)(.text), (0 bytes).
    Removing ..\..\external\nrf_oberon\lib\cortex-m4\hard-float\short-wchar\oberon_3.0.1.lib(ocrypto_ecdh_p256.c.obj)(.data), (0 bytes).
    Removing ..\..\external\nrf_oberon\lib\cortex-m4\hard-float\short-wchar\oberon_3.0.1.lib(ocrypto_ecdh_p256.c.obj)(.bss), (0 bytes).
    Removing ..\..\external\nrf_oberon\lib\cortex-m4\hard-float\short-wchar\oberon_3.0.1.lib(ocrypto_ecdsa_p256.c.obj)(.text), (0 bytes).
    Removing ..\..\external\nrf_oberon\lib\cortex-m4\hard-float\short-wchar\oberon_3.0.1.lib(ocrypto_ecdsa_p256.c.obj)(.data), (0 bytes).
    Removing ..\..\external\nrf_oberon\lib\cortex-m4\hard-float\short-wchar\oberon_3.0.1.lib(ocrypto_ecdsa_p256.c.obj)(.bss), (0 bytes).
    Removing ..\..\external\nrf_oberon\lib\cortex-m4\hard-float\short-wchar\oberon_3.0.1.lib(ocrypto_ecdsa_p256.c.obj)(.text.ocrypto_ecdsa_p256_public_key), (36 bytes).
    Removing ..\..\external\nrf_oberon\lib\cortex-m4\hard-float\short-wchar\oberon_3.0.1.lib(ocrypto_ecdsa_p256.c.obj)(.text.ocrypto_ecdsa_p256_sign_hash), (136 bytes).
    Removing ..\..\external\nrf_oberon\lib\cortex-m4\hard-float\short-wchar\oberon_3.0.1.lib(ocrypto_ecdsa_p256.c.obj)(.text.ocrypto_ecdsa_p256_sign), (140 bytes).
    Removing ..\..\external\nrf_oberon\lib\cortex-m4\hard-float\short-wchar\oberon_3.0.1.lib(ocrypto_ecdsa_p256.c.obj)(.text.ocrypto_ecdsa_p256_verify_hash), (244 bytes).
    Removing ..\..\external\nrf_oberon\lib\cortex-m4\hard-float\short-wchar\oberon_3.0.1.lib(ocrypto_ecdsa_p256.c.obj)(.text.ocrypto_ecdsa_p256_verify), (28 bytes).
    Removing ..\..\external\nrf_oberon\lib\cortex-m4\hard-float\short-wchar\oberon_3.0.1.lib(ocrypto_ecdsa_p256.c.obj)(.rodata.ma), (32 bytes).
    Removing ..\..\external\nrf_oberon\lib\cortex-m4\hard-float\short-wchar\oberon_3.0.1.lib(ocrypto_hkdf_sha256.c.obj)(.text), (0 bytes).
    Removing ..\..\external\nrf_oberon\lib\cortex-m4\hard-float\short-wchar\oberon_3.0.1.lib(ocrypto_hkdf_sha256.c.obj)(.data), (0 bytes).
    Removing ..\..\external\nrf_oberon\lib\cortex-m4\hard-float\short-wchar\oberon_3.0.1.lib(ocrypto_hkdf_sha256.c.obj)(.bss), (0 bytes).
    Removing ..\..\external\nrf_oberon\lib\cortex-m4\hard-float\short-wchar\oberon_3.0.1.lib(ocrypto_hkdf_sha256.c.obj)(.text.ocrypto_hmac_sha256_init), (1440 bytes).
    Removing ..\..\external\nrf_oberon\lib\cortex-m4\hard-float\short-wchar\oberon_3.0.1.lib(ocrypto_hkdf_sha256.c.obj)(.text.ocrypto_hmac_sha256_update), (4 bytes).
    Removing ..\..\external\nrf_oberon\lib\cortex-m4\hard-float\short-wchar\oberon_3.0.1.lib(ocrypto_hkdf_sha256.c.obj)(.text.ocrypto_hmac_sha256_final), (52 bytes).
    Removing ..\..\external\nrf_oberon\lib\cortex-m4\hard-float\short-wchar\oberon_3.0.1.lib(ocrypto_hkdf_sha256.c.obj)(.text.ocrypto_hmac_sha256), (1436 bytes).
    Removing ..\..\external\nrf_oberon\lib\cortex-m4\hard-float\short-wchar\oberon_3.0.1.lib(ocrypto_hkdf_sha256.c.obj)(.text.ocrypto_hkdf_sha256), (1904 bytes).
    Removing ..\..\external\nrf_oberon\lib\cortex-m4\hard-float\short-wchar\oberon_3.0.1.lib(ocrypto_hkdf_sha512.c.obj)(.text), (0 bytes).
    Removing ..\..\external\nrf_oberon\lib\cortex-m4\hard-float\short-wchar\oberon_3.0.1.lib(ocrypto_hkdf_sha512.c.obj)(.data), (0 bytes).
    Removing ..\..\external\nrf_oberon\lib\cortex-m4\hard-float\short-wchar\oberon_3.0.1.lib(ocrypto_hkdf_sha512.c.obj)(.bss), (0 bytes).
    Removing ..\..\external\nrf_oberon\lib\cortex-m4\hard-float\short-wchar\oberon_3.0.1.lib(ocrypto_hkdf_sha512.c.obj)(.text.ocrypto_hmac_sha512_num), (708 bytes).
    Removing ..\..\external\nrf_oberon\lib\cortex-m4\hard-float\short-wchar\oberon_3.0.1.lib(ocrypto_hkdf_sha512.c.obj)(.text.ocrypto_hmac_sha512_init), (1328 bytes).
    Removing ..\..\external\nrf_oberon\lib\cortex-m4\hard-float\short-wchar\oberon_3.0.1.lib(ocrypto_hkdf_sha512.c.obj)(.text.ocrypto_hmac_sha512_update), (4 bytes).
    Removing ..\..\external\nrf_oberon\lib\cortex-m4\hard-float\short-wchar\oberon_3.0.1.lib(ocrypto_hkdf_sha512.c.obj)(.text.ocrypto_hmac_sha512_final), (52 bytes).
    Removing ..\..\external\nrf_oberon\lib\cortex-m4\hard-float\short-wchar\oberon_3.0.1.lib(ocrypto_hkdf_sha512.c.obj)(.text.ocrypto_hmac_sha512), (20 bytes).
    Removing ..\..\external\nrf_oberon\lib\cortex-m4\hard-float\short-wchar\oberon_3.0.1.lib(ocrypto_hkdf_sha512.c.obj)(.text.ocrypto_hkdf_sha512), (644 bytes).
    Removing ..\..\external\nrf_oberon\lib\cortex-m4\hard-float\short-wchar\oberon_3.0.1.lib(ocrypto_chacha20_poly1305.c.obj)(.text), (0 bytes).
    Removing ..\..\external\nrf_oberon\lib\cortex-m4\hard-float\short-wchar\oberon_3.0.1.lib(ocrypto_chacha20_poly1305.c.obj)(.data), (0 bytes).
    Removing ..\..\external\nrf_oberon\lib\cortex-m4\hard-float\short-wchar\oberon_3.0.1.lib(ocrypto_chacha20_poly1305.c.obj)(.bss), (0 bytes).
    Removing ..\..\external\nrf_oberon\lib\cortex-m4\hard-float\short-wchar\oberon_3.0.1.lib(ocrypto_chacha20_poly1305.c.obj)(.text.ocrypto_chacha20_poly1305_encrypt), (116 bytes).
    Removing ..\..\external\nrf_oberon\lib\cortex-m4\hard-float\short-wchar\oberon_3.0.1.lib(ocrypto_chacha20_poly1305.c.obj)(.text.ocrypto_chacha20_poly1305_encrypt_aad), (128 bytes).
    Removing ..\..\external\nrf_oberon\lib\cortex-m4\hard-float\short-wchar\oberon_3.0.1.lib(ocrypto_chacha20_poly1305.c.obj)(.text.ocrypto_chacha20_poly1305_decrypt), (128 bytes).
    Removing ..\..\external\nrf_oberon\lib\cortex-m4\hard-float\short-wchar\oberon_3.0.1.lib(ocrypto_chacha20_poly1305.c.obj)(.text.ocrypto_chacha20_poly1305_decrypt_aad), (140 bytes).
    Removing ..\..\external\nrf_oberon\lib\cortex-m4\hard-float\short-wchar\oberon_3.0.1.lib(ocrypto_curve25519.c.obj)(.text), (0 bytes).
    Removing ..\..\external\nrf_oberon\lib\cortex-m4\hard-float\short-wchar\oberon_3.0.1.lib(ocrypto_curve25519.c.obj)(.data), (0 bytes).
    Removing ..\..\external\nrf_oberon\lib\cortex-m4\hard-float\short-wchar\oberon_3.0.1.lib(ocrypto_curve25519.c.obj)(.bss), (0 bytes).
    Removing ..\..\external\nrf_oberon\lib\cortex-m4\hard-float\short-wchar\oberon_3.0.1.lib(ocrypto_ed25519.c.obj)(.text), (0 bytes).
    Removing ..\..\external\nrf_oberon\lib\cortex-m4\hard-float\short-wchar\oberon_3.0.1.lib(ocrypto_ed25519.c.obj)(.data), (0 bytes).
    Removing ..\..\external\nrf_oberon\lib\cortex-m4\hard-float\short-wchar\oberon_3.0.1.lib(ocrypto_ed25519.c.obj)(.bss), (0 bytes).
    Removing ..\..\external\nrf_oberon\lib\cortex-m4\hard-float\short-wchar\oberon_3.0.1.lib(ocrypto_ed25519.c.obj)(.text.ocrypto_get_hash), (72 bytes).
    Removing ..\..\external\nrf_oberon\lib\cortex-m4\hard-float\short-wchar\oberon_3.0.1.lib(ocrypto_ed25519.c.obj)(.text.ocrypto_get_hash.constprop.0), (60 bytes).
    Removing ..\..\external\nrf_oberon\lib\cortex-m4\hard-float\short-wchar\oberon_3.0.1.lib(ocrypto_ed25519.c.obj)(.text.ocrypto_ed25519_sign), (132 bytes).
    Removing ..\..\external\nrf_oberon\lib\cortex-m4\hard-float\short-wchar\oberon_3.0.1.lib(ocrypto_ed25519.c.obj)(.text.ocrypto_ed25519_verify), (92 bytes).
    Removing ..\..\external\nrf_oberon\lib\cortex-m4\hard-float\short-wchar\oberon_3.0.1.lib(ocrypto_sha256.c.obj)(.text), (0 bytes).
    Removing ..\..\external\nrf_oberon\lib\cortex-m4\hard-float\short-wchar\oberon_3.0.1.lib(ocrypto_sha256.c.obj)(.data), (0 bytes).
    Removing ..\..\external\nrf_oberon\lib\cortex-m4\hard-float\short-wchar\oberon_3.0.1.lib(ocrypto_sha256.c.obj)(.bss), (0 bytes).
    Removing ..\..\external\nrf_oberon\lib\cortex-m4\hard-float\short-wchar\oberon_3.0.1.lib(ocrypto_sha256.c.obj)(.text.sha256_blocks), (376 bytes).
    Removing ..\..\external\nrf_oberon\lib\cortex-m4\hard-float\short-wchar\oberon_3.0.1.lib(ocrypto_sha256.c.obj)(.text.sha256_blocks.constprop.1), (332 bytes).
    Removing ..\..\external\nrf_oberon\lib\cortex-m4\hard-float\short-wchar\oberon_3.0.1.lib(ocrypto_sha256.c.obj)(.text.ocrypto_sha256_init), (76 bytes).
    Removing ..\..\external\nrf_oberon\lib\cortex-m4\hard-float\short-wchar\oberon_3.0.1.lib(ocrypto_sha256.c.obj)(.text.ocrypto_sha256_update), (352 bytes).
    Removing ..\..\external\nrf_oberon\lib\cortex-m4\hard-float\short-wchar\oberon_3.0.1.lib(ocrypto_sha256.c.obj)(.text.ocrypto_sha256_final), (480 bytes).
    Removing ..\..\external\nrf_oberon\lib\cortex-m4\hard-float\short-wchar\oberon_3.0.1.lib(ocrypto_sha256.c.obj)(.text.ocrypto_sha256), (908 bytes).
    Removing ..\..\external\nrf_oberon\lib\cortex-m4\hard-float\short-wchar\oberon_3.0.1.lib(ocrypto_sha256.c.obj)(.rodata.const_table), (256 bytes).
    Removing ..\..\external\nrf_oberon\lib\cortex-m4\hard-float\short-wchar\oberon_3.0.1.lib(ocrypto_sha512.c.obj)(.text), (0 bytes).
    Removing ..\..\external\nrf_oberon\lib\cortex-m4\hard-float\short-wchar\oberon_3.0.1.lib(ocrypto_sha512.c.obj)(.data), (0 bytes).
    Removing ..\..\external\nrf_oberon\lib\cortex-m4\hard-float\short-wchar\oberon_3.0.1.lib(ocrypto_sha512.c.obj)(.bss), (0 bytes).
    Removing ..\..\external\nrf_oberon\lib\cortex-m4\hard-float\short-wchar\oberon_3.0.1.lib(ocrypto_sha512.c.obj)(.text.ocrypto_sha512_init), (160 bytes).
    Removing ..\..\external\nrf_oberon\lib\cortex-m4\hard-float\short-wchar\oberon_3.0.1.lib(ocrypto_sha512.c.obj)(.text.ocrypto_sha512_update), (256 bytes).
    Removing ..\..\external\nrf_oberon\lib\cortex-m4\hard-float\short-wchar\oberon_3.0.1.lib(ocrypto_sha512.c.obj)(.text.ocrypto_sha512_final), (568 bytes).
    Removing ..\..\external\nrf_oberon\lib\cortex-m4\hard-float\short-wchar\oberon_3.0.1.lib(ocrypto_curve_p256.c.obj)(.text), (0 bytes).
    Removing ..\..\external\nrf_oberon\lib\cortex-m4\hard-float\short-wchar\oberon_3.0.1.lib(ocrypto_curve_p256.c.obj)(.data), (0 bytes).
    Removing ..\..\external\nrf_oberon\lib\cortex-m4\hard-float\short-wchar\oberon_3.0.1.lib(ocrypto_curve_p256.c.obj)(.bss), (0 bytes).
    Removing ..\..\external\nrf_oberon\lib\cortex-m4\hard-float\short-wchar\oberon_3.0.1.lib(ocrypto_curve_p256.c.obj)(.text.ocrypto_curve_p256_from32bytes), (92 bytes).
    Removing ..\..\external\nrf_oberon\lib\cortex-m4\hard-float\short-wchar\oberon_3.0.1.lib(ocrypto_chacha20.c.obj)(.text), (0 bytes).
    Removing ..\..\external\nrf_oberon\lib\cortex-m4\hard-float\short-wchar\oberon_3.0.1.lib(ocrypto_chacha20.c.obj)(.data), (0 bytes).
    Removing ..\..\external\nrf_oberon\lib\cortex-m4\hard-float\short-wchar\oberon_3.0.1.lib(ocrypto_chacha20.c.obj)(.bss), (0 bytes).
    Removing ..\..\external\nrf_oberon\lib\cortex-m4\hard-float\short-wchar\oberon_3.0.1.lib(ocrypto_chacha20.c.obj)(.text.ocrypto_chacha20_core), (276 bytes).
    Removing ..\..\external\nrf_oberon\lib\cortex-m4\hard-float\short-wchar\oberon_3.0.1.lib(ocrypto_chacha20.c.obj)(.text.ocrypto_chacha20_stream), (1024 bytes).
    Removing ..\..\external\nrf_oberon\lib\cortex-m4\hard-float\short-wchar\oberon_3.0.1.lib(ocrypto_chacha20.c.obj)(.text.ocrypto_chacha20_stream_xor), (1180 bytes).
    Removing ..\..\external\nrf_oberon\lib\cortex-m4\hard-float\short-wchar\oberon_3.0.1.lib(ocrypto_chacha20.c.obj)(.rodata.sigma), (16 bytes).
    Removing ..\..\external\nrf_oberon\lib\cortex-m4\hard-float\short-wchar\oberon_3.0.1.lib(ocrypto_ge25519.c.obj)(.text), (0 bytes).
    Removing ..\..\external\nrf_oberon\lib\cortex-m4\hard-float\short-wchar\oberon_3.0.1.lib(ocrypto_ge25519.c.obj)(.data), (0 bytes).
    Removing ..\..\external\nrf_oberon\lib\cortex-m4\hard-float\short-wchar\oberon_3.0.1.lib(ocrypto_ge25519.c.obj)(.bss), (0 bytes).
    Removing ..\..\external\nrf_oberon\lib\cortex-m4\hard-float\short-wchar\oberon_3.0.1.lib(ocrypto_ge25519.c.obj)(.text.addsub_p1p1), (208 bytes).
    Removing ..\..\external\nrf_oberon\lib\cortex-m4\hard-float\short-wchar\oberon_3.0.1.lib(ocrypto_ge25519.c.obj)(.text.ocrypto_ge25519_unpackneg), (236 bytes).
    Removing ..\..\external\nrf_oberon\lib\cortex-m4\hard-float\short-wchar\oberon_3.0.1.lib(ocrypto_ge25519.c.obj)(.text.ocrypto_ge25519_double_scalarmult_vartime), (464 bytes).
    Removing ..\..\external\nrf_oberon\lib\cortex-m4\hard-float\short-wchar\oberon_3.0.1.lib(ocrypto_ge25519.c.obj)(.rodata.ocrypto_ge25519_ecd), (32 bytes).
    Removing ..\..\external\nrf_oberon\lib\cortex-m4\hard-float\short-wchar\oberon_3.0.1.lib(ocrypto_ge25519.c.obj)(.rodata.ocrypto_ge25519_sqrtm1), (32 bytes).
    Removing ..\..\external\nrf_oberon\lib\cortex-m4\hard-float\short-wchar\oberon_3.0.1.lib(ocrypto_mod_p256.c.obj)(.text), (0 bytes).
    Removing ..\..\external\nrf_oberon\lib\cortex-m4\hard-float\short-wchar\oberon_3.0.1.lib(ocrypto_mod_p256.c.obj)(.data), (0 bytes).
    Removing ..\..\external\nrf_oberon\lib\cortex-m4\hard-float\short-wchar\oberon_3.0.1.lib(ocrypto_mod_p256.c.obj)(.bss), (0 bytes).
    Removing ..\..\external\nrf_oberon\lib\cortex-m4\hard-float\short-wchar\oberon_3.0.1.lib(ocrypto_mod_p256.c.obj)(.text.ocrypto_mod_p256_init), (16 bytes).
    Removing ..\..\external\nrf_oberon\lib\cortex-m4\hard-float\short-wchar\oberon_3.0.1.lib(ocrypto_mod_p256.c.obj)(.text.ocrypto_mod_p256_getsign), (8 bytes).
    Removing ..\..\external\nrf_oberon\lib\cortex-m4\hard-float\short-wchar\oberon_3.0.1.lib(ocrypto_mod_p256.c.obj)(.text.ocrypto_mod_p256_sqrt), (248 bytes).
    Removing ..\..\external\nrf_oberon\lib\cortex-m4\hard-float\short-wchar\oberon_3.0.1.lib(ocrypto_mod25519.c.obj)(.text), (0 bytes).
    Removing ..\..\external\nrf_oberon\lib\cortex-m4\hard-float\short-wchar\oberon_3.0.1.lib(ocrypto_mod25519.c.obj)(.data), (0 bytes).
    Removing ..\..\external\nrf_oberon\lib\cortex-m4\hard-float\short-wchar\oberon_3.0.1.lib(ocrypto_mod25519.c.obj)(.bss), (0 bytes).
    Removing ..\..\external\nrf_oberon\lib\cortex-m4\hard-float\short-wchar\oberon_3.0.1.lib(ocrypto_mod25519.c.obj)(.text.ocrypto_mod25519_equal), (32 bytes).
    Removing ..\..\external\nrf_oberon\lib\cortex-m4\hard-float\short-wchar\oberon_3.0.1.lib(ocrypto_poly1305.c.obj)(.text), (0 bytes).
    Removing ..\..\external\nrf_oberon\lib\cortex-m4\hard-float\short-wchar\oberon_3.0.1.lib(ocrypto_poly1305.c.obj)(.data), (0 bytes).
    Removing ..\..\external\nrf_oberon\lib\cortex-m4\hard-float\short-wchar\oberon_3.0.1.lib(ocrypto_poly1305.c.obj)(.bss), (0 bytes).
    Removing ..\..\external\nrf_oberon\lib\cortex-m4\hard-float\short-wchar\oberon_3.0.1.lib(ocrypto_poly1305.c.obj)(.text.ocrypto_poly1305_init), (16 bytes).
    Removing ..\..\external\nrf_oberon\lib\cortex-m4\hard-float\short-wchar\oberon_3.0.1.lib(ocrypto_poly1305.c.obj)(.text.ocrypto_poly1305_update), (1120 bytes).
    Removing ..\..\external\nrf_oberon\lib\cortex-m4\hard-float\short-wchar\oberon_3.0.1.lib(ocrypto_poly1305.c.obj)(.text.ocrypto_poly1305_final), (60 bytes).
    Removing ..\..\external\nrf_oberon\lib\cortex-m4\hard-float\short-wchar\oberon_3.0.1.lib(ocrypto_poly1305.c.obj)(.text.ocrypto_poly1305), (1320 bytes).
    Removing ..\..\external\nrf_oberon\lib\cortex-m4\hard-float\short-wchar\oberon_3.0.1.lib(ocrypto_sc_p256.c.obj)(.text), (0 bytes).
    Removing ..\..\external\nrf_oberon\lib\cortex-m4\hard-float\short-wchar\oberon_3.0.1.lib(ocrypto_sc_p256.c.obj)(.data), (0 bytes).
    Removing ..\..\external\nrf_oberon\lib\cortex-m4\hard-float\short-wchar\oberon_3.0.1.lib(ocrypto_sc_p256.c.obj)(.bss), (0 bytes).
    Removing ..\..\external\nrf_oberon\lib\cortex-m4\hard-float\short-wchar\oberon_3.0.1.lib(ocrypto_sc_p256.c.obj)(.text.ocrypto_sc_p256_from_mod256), (32 bytes).
    Removing ..\..\external\nrf_oberon\lib\cortex-m4\hard-float\short-wchar\oberon_3.0.1.lib(ocrypto_sc_p256.c.obj)(.text.ocrypto_sc_p256_to32bytes), (52 bytes).
    Removing ..\..\external\nrf_oberon\lib\cortex-m4\hard-float\short-wchar\oberon_3.0.1.lib(ocrypto_sc_p256.c.obj)(.text.ocrypto_sc_p256_add), (40 bytes).
    Removing ..\..\external\nrf_oberon\lib\cortex-m4\hard-float\short-wchar\oberon_3.0.1.lib(ocrypto_sc_p256.c.obj)(.text.ocrypto_sc_p256_mul), (112 bytes).
    Removing ..\..\external\nrf_oberon\lib\cortex-m4\hard-float\short-wchar\oberon_3.0.1.lib(ocrypto_sc_p256.c.obj)(.text.ocrypto_sc_p256_invert), (3852 bytes).
    Removing ..\..\external\nrf_oberon\lib\cortex-m4\hard-float\short-wchar\oberon_3.0.1.lib(ocrypto_sc_p256.c.obj)(.rodata.inv), (32 bytes).
    Removing ..\..\external\nrf_oberon\lib\cortex-m4\hard-float\short-wchar\oberon_3.0.1.lib(ocrypto_sc25519.c.obj)(.text), (0 bytes).
    Removing ..\..\external\nrf_oberon\lib\cortex-m4\hard-float\short-wchar\oberon_3.0.1.lib(ocrypto_sc25519.c.obj)(.data), (0 bytes).
    Removing ..\..\external\nrf_oberon\lib\cortex-m4\hard-float\short-wchar\oberon_3.0.1.lib(ocrypto_sc25519.c.obj)(.bss), (0 bytes).
    Removing ..\..\external\nrf_oberon\lib\cortex-m4\hard-float\short-wchar\oberon_3.0.1.lib(ocrypto_sc25519.c.obj)(.text.ocrypto_sc25519_from64bytes), (328 bytes).
    Removing ..\..\external\nrf_oberon\lib\cortex-m4\hard-float\short-wchar\oberon_3.0.1.lib(ocrypto_sc25519.c.obj)(.text.ocrypto_sc25519_to32bytes), (36 bytes).
    Removing ..\..\external\nrf_oberon\lib\cortex-m4\hard-float\short-wchar\oberon_3.0.1.lib(ocrypto_sc25519.c.obj)(.text.ocrypto_sc25519_add), (40 bytes).
    Removing ..\..\external\nrf_oberon\lib\cortex-m4\hard-float\short-wchar\oberon_3.0.1.lib(ocrypto_sc25519.c.obj)(.text.ocrypto_sc25519_mul), (256 bytes).
    Removing ..\..\external\nrf_oberon\lib\cortex-m4\hard-float\short-wchar\oberon_3.0.1.lib(ocrypto_sc25519.c.obj)(.text.ocrypto_sc25519_sliding_window4), (132 bytes).
    Removing ..\..\external\nrf_oberon\lib\cortex-m4\hard-float\short-wchar\oberon_3.0.1.lib(ocrypto_sha512_loop.c.obj)(.text), (0 bytes).
    Removing ..\..\external\nrf_oberon\lib\cortex-m4\hard-float\short-wchar\oberon_3.0.1.lib(ocrypto_sha512_loop.c.obj)(.data), (0 bytes).
    Removing ..\..\external\nrf_oberon\lib\cortex-m4\hard-float\short-wchar\oberon_3.0.1.lib(ocrypto_sha512_loop.c.obj)(.bss), (0 bytes).
    Removing ..\..\external\nrf_oberon\lib\cortex-m4\hard-float\short-wchar\oberon_3.0.1.lib(ocrypto_sha256_loop.s.obj)(.text), (1148 bytes).
    Removing ..\..\external\nrf_oberon\lib\cortex-m4\hard-float\short-wchar\oberon_3.0.1.lib(ocrypto_sha256_loop.s.obj)(.data), (0 bytes).
    Removing ..\..\external\nrf_oberon\lib\cortex-m4\hard-float\short-wchar\oberon_3.0.1.lib(ocrypto_sha256_loop.s.obj)(.bss), (0 bytes).
    Removing ..\..\external\nrf_oberon\lib\cortex-m4\hard-float\short-wchar\oberon_3.0.1.lib(ocrypto_bigint256.s.obj)(.data), (0 bytes).
    Removing ..\..\external\nrf_oberon\lib\cortex-m4\hard-float\short-wchar\oberon_3.0.1.lib(ocrypto_bigint256.s.obj)(.bss), (0 bytes).
    Removing ..\..\external\nrf_oberon\lib\cortex-m4\hard-float\short-wchar\oberon_3.0.1.lib(ocrypto_constant_time.s.obj)(.data), (0 bytes).
    Removing ..\..\external\nrf_oberon\lib\cortex-m4\hard-float\short-wchar\oberon_3.0.1.lib(ocrypto_constant_time.s.obj)(.bss), (0 bytes).
    Removing ..\..\external\nrf_oberon\lib\cortex-m4\hard-float\short-wchar\oberon_3.0.1.lib(ocrypto_mod_p256_base.s.obj)(.data), (0 bytes).
    Removing ..\..\external\nrf_oberon\lib\cortex-m4\hard-float\short-wchar\oberon_3.0.1.lib(ocrypto_mod_p256_base.s.obj)(.bss), (0 bytes).
    Removing ..\..\external\nrf_oberon\lib\cortex-m4\hard-float\short-wchar\oberon_3.0.1.lib(ocrypto_mod25519_base.s.obj)(.data), (0 bytes).
    Removing ..\..\external\nrf_oberon\lib\cortex-m4\hard-float\short-wchar\oberon_3.0.1.lib(ocrypto_mod25519_base.s.obj)(.bss), (0 bytes).
    Removing ..\..\external\nrf_oberon\lib\cortex-m4\hard-float\short-wchar\oberon_3.0.1.lib(ocrypto_chacha20_loop.s.obj)(.text), (356 bytes).
    Removing ..\..\external\nrf_oberon\lib\cortex-m4\hard-float\short-wchar\oberon_3.0.1.lib(ocrypto_chacha20_loop.s.obj)(.data), (0 bytes).
    Removing ..\..\external\nrf_oberon\lib\cortex-m4\hard-float\short-wchar\oberon_3.0.1.lib(ocrypto_chacha20_loop.s.obj)(.bss), (0 bytes).
    Removing ..\..\external\nrf_oberon\lib\cortex-m4\hard-float\short-wchar\oberon_3.0.1.lib(ocrypto_poly1305_mul.s.obj)(.text), (504 bytes).
    Removing ..\..\external\nrf_oberon\lib\cortex-m4\hard-float\short-wchar\oberon_3.0.1.lib(ocrypto_poly1305_mul.s.obj)(.data), (0 bytes).
    Removing ..\..\external\nrf_oberon\lib\cortex-m4\hard-float\short-wchar\oberon_3.0.1.lib(ocrypto_poly1305_mul.s.obj)(.bss), (0 bytes).
    Removing C:\Keil_v5\ARM\ARMCC\Bin\..\lib\armlib\mf_w.l(ddiv.o)(.text), (222 bytes).
    Removing C:\Keil_v5\ARM\ARMCC\Bin\..\lib\armlib\mf_w.l(dflti.o)(.text), (34 bytes).
    Removing C:\Keil_v5\ARM\ARMCC\Bin\..\lib\armlib\mf_w.l(dfixi.o)(.text), (62 bytes).
    Removing C:\Keil_v5\ARM\ARMCC\Bin\..\lib\armlib\mf_w.l(dfixui.o)(.text), (50 bytes).
    Removing C:\Keil_v5\ARM\ARMCC\Bin\..\lib\armlib\mf_w.l(f2d.o)(.text), (38 bytes).
    Removing C:\Keil_v5\ARM\ARMCC\Bin\..\lib\armlib\mf_w.l(cdcmple.o)(.text), (48 bytes).
    Removing C:\Keil_v5\ARM\ARMCC\Bin\..\lib\armlib\mf_w.l(dneg.o)(.text), (6 bytes).
    Removing C:\Keil_v5\ARM\ARMCC\Bin\..\lib\armlib\mf_w.l(dfixul.o)(.text), (48 bytes).
    Removing C:\Keil_v5\ARM\ARMCC\Bin\..\lib\armlib\mf_w.l(cdrcmple.o)(.text), (48 bytes).

1272 unused section(s) (total 68083 bytes) removed from the image.
