<html>
<body>
<pre>
<h1>µVision Build Log</h1>
<h2>Tool Versions:</h2>
IDE-Version: µVision V5.26.2.0
Copyright (C) 2018 ARM Ltd and ARM Germany GmbH. All rights reserved.
License Information: Genival Ferreira, Assisfit, LIC=MPPBS-LJNM5-G72R6-DIBZI-4HUE3-PH8MV
 
Tool Versions:
Toolchain:       MDK-ARM Plus  Version: 5.26.2.0
Toolchain Path:  C:\Keil_v5\ARM\ARMCC\Bin
C Compiler:      Armcc.exe V5.06 update 6 (build 750)
Assembler:       Armasm.exe V5.06 update 6 (build 750)
Linker/Locator:  ArmLink.exe V5.06 update 6 (build 750)
Library Manager: ArmAr.exe V5.06 update 6 (build 750)
Hex Converter:   FromElf.exe V5.06 update 6 (build 750)
CPU DLL:         
Dialog DLL:      
Target DLL:      Segger\JL2CM3.dll V2.99.31.0
Dialog DLL:      TCM.DLL V1.36.1.0
 
<h2>Project:</h2>
C:\Users\RAE\Desktop\test-master\backup_apagardepois\Aplication\MDK-ARM\MyBeat_V3.uvprojx
Project File Date:  02/12/2021

<h2>Output:</h2>
*** Using Compiler 'V5.06 update 6 (build 750)', folder: 'C:\Keil_v5\ARM\ARMCC\Bin'
Build target 'nrf52832_xxaa'
compiling main.c...
..\Inc\biblioteca_phillips.h(8): warning:  #1-D: last line of file ends without a newline
  void reboot_biblioteca_phillips(void);
..\MDK-ARM\Cycle.h(144): warning:  #1295-D: Deprecated declaration init_vars - give arg types
  void init_vars();
..\MDK-ARM\Cycle.h(145): warning:  #1295-D: Deprecated declaration init_varc - give arg types
  void init_varc();
..\MDK-ARM\Cycle.h(154): warning:  #1295-D: Deprecated declaration ADS018_Time_Update - give arg types
  void ADS018_Time_Update();
..\Src\main.c(864): warning:  #177-D: variable "err_code"  was declared but never referenced
      ret_code_t err_code;
..\Src\main.c(1975): warning:  #513-D: a value of type "void (*)(ble_rus_t *, char *)" cannot be assigned to an entity of type "ble_rus_setup_handler_t"
  		rus_init.serial_number_write_handler								= serial_number_write_handler;
..\Src\main.c(1867): warning:  #177-D: variable "body_sensor_location"  was declared but never referenced
      uint8_t            body_sensor_location;
..\Src\main.c(2792): warning:  #144-D: a value of type "void (*)(ble_evt_t *, void *)" cannot be used to initialize an entity of type "nrf_sdh_ble_evt_handler_t"
      NRF_SDH_BLE_OBSERVER(m_ble_observer, APP_BLE_OBSERVER_PRIO, ble_evt_handler, NULL);
..\Src\main.c(2951): warning:  #550-D: variable "srdata"  was set but never used
  	  ble_advdata_t srdata;
..\Src\main.c(3236): warning:  #177-D: variable "cscs_measurement"  was declared but never referenced
  	  ble_cscs_meas_t cscs_measurement;
..\Src\main.c(3304): warning:  #177-D: variable "tempo"  was declared but never referenced
  		uint8_t tempo=0;
..\Src\main.c(3305): warning:  #177-D: variable "amostrasPPG"  was declared but never referenced
  		dadosBbPPG	amostrasPPG;
..\Src\main.c(3306): warning:  #177-D: variable "amostrasACC"  was declared but never referenced
  		dadosBbACC	amostrasACC;
..\Src\main.c(3307): warning:  #177-D: variable "indiceAmostraPPG"  was declared but never referenced
      uint8_t indiceAmostraPPG=0;
..\Src\main.c(3308): warning:  #177-D: variable "indiceAmostraACC"  was declared but never referenced
  		uint8_t indiceAmostraACC=0;
..\Src\main.c(227): warning:  #177-D: variable "glob_cumulative_crank_revs"  was declared but never referenced
  static uint16_t   glob_cumulative_crank_revs = 0;
..\Src\main.c(228): warning:  #177-D: variable "glob_event_time"  was declared but never referenced
  static uint16_t   glob_event_time            = 0;
..\Src\main.c(230): warning:  #177-D: variable "glob_wheel_revolution_mm_F"  was declared but never referenced
  static uint16_t   glob_wheel_revolution_mm_F =0;//filtered variable to be the output of filter fnction 
..\Src\main.c(231): warning:  #177-D: variable "glob_crank_rev_degrees"  was declared but never referenced
  static uint16_t   glob_crank_rev_degrees     = 0;
..\Src\main.c(426): warning:  #177-D: variable "m_rsc_meas_timer_id"  was declared but never referenced
  APP_TIMER_DEF(m_rsc_meas_timer_id);                                             /**< RSC measurement timer. */
..\Src\main.c(1024): warning:  #177-D: function "heart_rate_meas_timeout_handler"  was declared but never referenced
  static void heart_rate_meas_timeout_handler(void * p_context)
..\Src\main.c(1266): warning:  #177-D: function "first_name_write_handler"  was declared but never referenced
  static void first_name_write_handler(ble_uds_t *p_uds, uint64_t new_state){
..\Src\main.c(1279): warning:  #177-D: function "last_name_write_handler"  was declared but never referenced
  static void last_name_write_handler(ble_uds_t *p_uds, uint32_t new_state){
..\Src\main.c(1293): warning:  #177-D: function "email_address_write_handler"  was declared but never referenced
  static void email_address_write_handler(ble_uds_t *p_uds, uint32_t new_state){
..\Src\main.c(1306): warning:  #177-D: function "age_write_handler"  was declared but never referenced
  static void age_write_handler(ble_uds_t *p_uds, uint32_t new_state){
..\Src\main.c(1319): warning:  #177-D: function "date_of_birth_write_handler"  was declared but never referenced
  static void date_of_birth_write_handler(ble_uds_t *p_uds, uint32_t new_state){
..\Src\main.c(1332): warning:  #177-D: function "gender_write_handler"  was declared but never referenced
  static void gender_write_handler(ble_uds_t *p_uds, uint32_t new_state){
..\Src\main.c(1345): warning:  #177-D: function "weight_write_handler"  was declared but never referenced
  static void weight_write_handler(ble_uds_t *p_uds, uint32_t new_state){
..\Src\main.c(1357): warning:  #177-D: function "height_write_handler"  was declared but never referenced
  static void height_write_handler(ble_uds_t *p_uds, uint32_t new_state){
..\Src\main.c(1369): warning:  #177-D: function "VO2_max_write_handler"  was declared but never referenced
  static void VO2_max_write_handler(ble_uds_t *p_uds, uint32_t new_state){
..\Src\main.c(1381): warning:  #177-D: function "heart_rate_max_write_handler"  was declared but never referenced
  static void heart_rate_max_write_handler(ble_uds_t *p_uds, uint32_t new_state){
..\Src\main.c(1393): warning:  #177-D: function "resting_heart_rate_write_handler"  was declared but never referenced
  static void resting_heart_rate_write_handler(ble_uds_t *p_uds, uint32_t new_state){
..\Src\main.c(1405): warning:  #177-D: function "maximum_recommended_heart_rate_write_handler"  was declared but never referenced
  static void maximum_recommended_heart_rate_write_handler(ble_uds_t *p_uds, uint32_t new_state){
..\Src\main.c(1451): warning:  #177-D: function "aerobic_threshold_write_handler"  was declared but never referenced
  static void aerobic_threshold_write_handler(ble_uds_t *p_uds, uint32_t new_state){
..\Src\main.c(1463): warning:  #177-D: function "anaerobic_threshold_write_handler"  was declared but never referenced
  static void anaerobic_threshold_write_handler(ble_uds_t *p_uds, uint32_t new_state){
..\Src\main.c(1475): warning:  #177-D: function "sport_type_for_aerobic_and_anaerobic_thresholds_write_handler"  was declared but never referenced
  static void sport_type_for_aerobic_and_anaerobic_thresholds_write_handler(ble_uds_t *p_uds, uint32_t new_state){
..\Src\main.c(1491): warning:  #177-D: function "date_of_threshold_assessment_write_handler"  was declared but never referenced
  static void date_of_threshold_assessment_write_handler(ble_uds_t *p_uds, uint32_t new_state){
..\Src\main.c(1507): warning:  #177-D: function "waist_circumference_write_handler"  was declared but never referenced
  static void waist_circumference_write_handler(ble_uds_t *p_uds, uint32_t new_state){
..\Src\main.c(1519): warning:  #177-D: function "fat_burn_heart_rate_lower_limit_write_handler"  was declared but never referenced
  static void fat_burn_heart_rate_lower_limit_write_handler(ble_uds_t *p_uds, uint32_t new_state){
..\Src\main.c(1535): warning:  #177-D: function "fat_burn_heart_rate_upper_limit_write_handler"  was declared but never referenced
  static void fat_burn_heart_rate_upper_limit_write_handler(ble_uds_t *p_uds, uint32_t new_state){
..\Src\main.c(1551): warning:  #177-D: function "aerobic_heart_rate_lower_limit_write_handler"  was declared but never referenced
  static void aerobic_heart_rate_lower_limit_write_handler(ble_uds_t *p_uds, uint32_t new_state){
..\Src\main.c(1567): warning:  #177-D: function "aerobic_heart_rate_upper_limit_write_handler"  was declared but never referenced
  static void aerobic_heart_rate_upper_limit_write_handler(ble_uds_t *p_uds, uint32_t new_state){
..\Src\main.c(1583): warning:  #177-D: function "anaerobic_heart_rate_lower_limit_write_handler"  was declared but never referenced
  static void anaerobic_heart_rate_lower_limit_write_handler(ble_uds_t *p_uds, uint32_t new_state){
..\Src\main.c(1599): warning:  #177-D: function "five_zone_heart_rate_limits_write_handler"  was declared but never referenced
  static void five_zone_heart_rate_limits_write_handler(ble_uds_t *p_uds, uint32_t new_state){
..\Src\main.c(1615): warning:  #177-D: function "three_zone_heart_rate_limits_write_handler"  was declared but never referenced
  static void three_zone_heart_rate_limits_write_handler(ble_uds_t *p_uds, uint32_t new_state){
..\Src\main.c(1631): warning:  #177-D: function "two_zone_heart_rate_limits_write_handler"  was declared but never referenced
  static void two_zone_heart_rate_limits_write_handler(ble_uds_t *p_uds, uint32_t new_state){
..\Src\main.c(1647): warning:  #177-D: function "language_write_handler"  was declared but never referenced
  static void language_write_handler(ble_uds_t *p_uds, uint32_t new_state){
..\Src\main.c(1663): warning:  #177-D: function "fitnes_index_write_handler"  was declared but never referenced
  static void  fitnes_index_write_handler(ble_uds_t *p_uds, uint32_t new_state){
..\Src\main.c(2342): warning:  #177-D: function "sleep_mybeat"  was declared but never referenced
  static void sleep_mybeat(void){
..\Src\main.c: 50 warnings, 0 errors
linking...
.\_build\nrf52832_xxaa.axf: Warning: L6330W: Undefined symbol pwr_mgmt_data2$$Base (referred from .\_build\nrf_pwr_mgmt.o). Unused section has been removed.
.\_build\nrf52832_xxaa.axf: Warning: L6330W: Undefined symbol pwr_mgmt_data2$$Limit (referred from .\_build\nrf_pwr_mgmt.o). Unused section has been removed.
.\_build\nrf52832_xxaa.axf: Warning: L6330W: Undefined symbol sdh_req_observers1$$Base (referred from .\_build\nrf_sdh.o). Unused section has been removed.
.\_build\nrf52832_xxaa.axf: Warning: L6330W: Undefined symbol sdh_req_observers1$$Limit (referred from .\_build\nrf_sdh.o). Unused section has been removed.
.\_build\nrf52832_xxaa.axf: Warning: L6330W: Undefined symbol sdh_stack_observers1$$Base (referred from .\_build\nrf_sdh.o). Unused section has been removed.
.\_build\nrf52832_xxaa.axf: Warning: L6330W: Undefined symbol sdh_stack_observers1$$Limit (referred from .\_build\nrf_sdh.o). Unused section has been removed.
.\_build\nrf52832_xxaa.axf: Warning: L6330W: Undefined symbol sdh_state_observers1$$Base (referred from .\_build\nrf_sdh.o). Unused section has been removed.
.\_build\nrf52832_xxaa.axf: Warning: L6330W: Undefined symbol sdh_state_observers1$$Limit (referred from .\_build\nrf_sdh.o). Unused section has been removed.
.\_build\nrf52832_xxaa.axf: Warning: L6330W: Undefined symbol sdh_ant_observers0$$Base (referred from .\_build\nrf_sdh_ant.o). Unused section has been removed.
.\_build\nrf52832_xxaa.axf: Warning: L6330W: Undefined symbol sdh_ant_observers0$$Limit (referred from .\_build\nrf_sdh_ant.o). Unused section has been removed.
Program Size: Code=122256 RO-data=21040 RW-data=1160 ZI-data=25184  
Finished: 0 information, 10 warning and 0 error messages.
FromELF: creating hex file...
".\_build\nrf52832_xxaa.axf" - 0 Error(s), 59 Warning(s).

<h2>Software Packages used:</h2>

Package Vendor: ARM
                http://www.keil.com/pack/ARM.CMSIS.4.5.0.pack
                ARM.CMSIS.4.5.0
                CMSIS (Cortex Microcontroller Software Interface Standard)
   * Component: CORE Version: 4.3.0

Package Vendor: NordicSemiconductor
                http://developer.nordicsemi.com/nRF5_SDK/pieces/nRF_DeviceFamilyPack/NordicSemiconductor.nRF_DeviceFamilyPack.8.29.0.pack
                NordicSemiconductor.nRF_DeviceFamilyPack.8.29.0
                Nordic Semiconductor nRF ARM devices Device Family Pack with BSD license.
   * Component: Startup Version: 8.29.0
   * Component: StartupConfig Version: 8.29.0

<h2>Collection of Component include folders:</h2>
  .\RTE\Device\nRF52832_xxAA
  .\RTE\_nrf52832_xxaa
  C:\Keil_v5\ARM\PACK\ARM\CMSIS\4.5.0\CMSIS\Include
  C:\Keil_v5\ARM\PACK\NordicSemiconductor\nRF_DeviceFamilyPack\8.29.0\Device\Include

<h2>Collection of Component Files used:</h2>

   * Component: ARM::CMSIS:CORE:4.3.0

   * Component: NordicSemiconductor::Device:Startup:8.29.0
      Include file:  Device\Include\system_nrf.h
      Source file:   Device\Source\system_nrf52.c
      Include file:  Device\Include\system_nrf52.h
      Source file:   Device\Source\arm\arm_startup_nrf52.s

   * Component: NordicSemiconductor::Device:StartupConfig:8.29.0
      Include file:  Device\Source\startup_config.h
Build Time Elapsed:  00:00:07
</pre>
</body>
</html>
