<html>
<body>
<pre>
<h1>µVision Build Log</h1>
<h2>Tool Versions:</h2>
IDE-Version: µVision V5.26.2.0
Copyright (C) 2018 ARM Ltd and ARM Germany GmbH. All rights reserved.
License Information: Genival Ferreira, Assisfit, LIC=MPPBS-LJNM5-G72R6-DIBZI-4HUE3-PH8MV
 
Tool Versions:
Toolchain:       MDK-ARM Plus  Version: 5.26.2.0
Toolchain Path:  C:\Keil_v5\ARM\ARMCC\Bin
C Compiler:      Armcc.exe V5.06 update 6 (build 750)
Assembler:       Armasm.exe V5.06 update 6 (build 750)
Linker/Locator:  ArmLink.exe V5.06 update 6 (build 750)
Library Manager: ArmAr.exe V5.06 update 6 (build 750)
Hex Converter:   FromElf.exe V5.06 update 6 (build 750)
CPU DLL:         
Dialog DLL:      
Target DLL:      Segger\JL2CM3.dll V2.99.31.0
Dialog DLL:      TCM.DLL V1.36.1.0
 
<h2>Project:</h2>
C:\Users\RAE\Documents\Desenvolvimento\MyBeat_2\MDK-ARM\MyBeat_V3.uvprojx
Project File Date:  07/03/2020

<h2>Output:</h2>
*** Using Compiler 'V5.06 update 6 (build 750)', folder: 'C:\Keil_v5\ARM\ARMCC\Bin'
Build target 'nrf52832_xxaa'
compiling zonas_cardiacas.c...
..\Src\zonas_cardiacas.c(304): warning:  #188-D: enumerated type mixed with another type
  		user_metrics_info.hr_zone_calc_select=get_hr_zone_preference_calc();
..\Src\zonas_cardiacas.c: 1 warning, 0 errors
linking...
.\_build\nrf52832_xxaa.axf: Warning: L6330W: Undefined symbol pwr_mgmt_data1$$Base (referred from nrf_pwr_mgmt.o). Unused section has been removed.
.\_build\nrf52832_xxaa.axf: Warning: L6330W: Undefined symbol pwr_mgmt_data1$$Limit (referred from nrf_pwr_mgmt.o). Unused section has been removed.
.\_build\nrf52832_xxaa.axf: Warning: L6330W: Undefined symbol pwr_mgmt_data2$$Base (referred from nrf_pwr_mgmt.o). Unused section has been removed.
.\_build\nrf52832_xxaa.axf: Warning: L6330W: Undefined symbol pwr_mgmt_data2$$Limit (referred from nrf_pwr_mgmt.o). Unused section has been removed.
.\_build\nrf52832_xxaa.axf: Warning: L6330W: Undefined symbol sdh_req_observers1$$Base (referred from nrf_sdh.o). Unused section has been removed.
.\_build\nrf52832_xxaa.axf: Warning: L6330W: Undefined symbol sdh_req_observers1$$Limit (referred from nrf_sdh.o). Unused section has been removed.
.\_build\nrf52832_xxaa.axf: Warning: L6330W: Undefined symbol sdh_stack_observers1$$Base (referred from nrf_sdh.o). Unused section has been removed.
.\_build\nrf52832_xxaa.axf: Warning: L6330W: Undefined symbol sdh_stack_observers1$$Limit (referred from nrf_sdh.o). Unused section has been removed.
.\_build\nrf52832_xxaa.axf: Warning: L6330W: Undefined symbol sdh_state_observers1$$Base (referred from nrf_sdh.o). Unused section has been removed.
.\_build\nrf52832_xxaa.axf: Warning: L6330W: Undefined symbol sdh_state_observers1$$Limit (referred from nrf_sdh.o). Unused section has been removed.
Program Size: Code=129008 RO-data=20796 RW-data=792 ZI-data=37336  
Finished: 0 information, 10 warning and 0 error messages.
FromELF: creating hex file...
".\_build\nrf52832_xxaa.axf" - 0 Error(s), 11 Warning(s).

<h2>Software Packages used:</h2>

Package Vendor: ARM
                http://www.keil.com/pack/ARM.CMSIS.4.5.0.pack
                ARM.CMSIS.4.5.0
                CMSIS (Cortex Microcontroller Software Interface Standard)
   * Component: CORE Version: 4.3.0

Package Vendor: NordicSemiconductor
                http://developer.nordicsemi.com/nRF5_SDK/pieces/nRF_DeviceFamilyPack/NordicSemiconductor.nRF_DeviceFamilyPack.8.29.0.pack
                NordicSemiconductor.nRF_DeviceFamilyPack.8.29.0
                Nordic Semiconductor nRF ARM devices Device Family Pack with BSD license.
   * Component: Startup Version: 8.29.0
   * Component: StartupConfig Version: 8.29.0

<h2>Collection of Component include folders:</h2>
  .\RTE\Device\nRF52832_xxAA
  .\RTE\_nrf52832_xxaa
  C:\Keil_v5\ARM\PACK\ARM\CMSIS\4.5.0\CMSIS\Include
  C:\Keil_v5\ARM\PACK\NordicSemiconductor\nRF_DeviceFamilyPack\8.29.0\Device\Include

<h2>Collection of Component Files used:</h2>

   * Component: ARM::CMSIS:CORE:4.3.0

   * Component: NordicSemiconductor::Device:Startup:8.29.0
      Include file:  Device\Include\system_nrf52.h
      Source file:   Device\Source\system_nrf52.c
      Source file:   Device\Source\arm\arm_startup_nrf52.s
      Include file:  Device\Include\system_nrf.h

   * Component: NordicSemiconductor::Device:StartupConfig:8.29.0
      Include file:  Device\Source\startup_config.h
Build Time Elapsed:  00:00:02
</pre>
</body>
</html>
